make: Entering directory '/home/nicola/.local/state/pqsigner-research/easycrypt-closure-20260923-o4g9cwcr/candidate-forgery-partition/contracts/verification'
/usr/bin/python3 -E -S -B scripts/run_easycrypt_split.py
OK EasyCrypt manual source binding: 402 inputs (not extraction)
   Compiling sphincs-c10 v0.1.0 (/home/nicola/.local/state/pqsigner-research/easycrypt-closure-20260923-o4g9cwcr/candidate-forgery-partition/sphincs-c10)
    Finished `test` profile [optimized + debuginfo] target(s) in 1.32s
     Running tests/easycrypt_transcript.rs (/home/nicola/.local/state/pqsigner-research/easycrypt-closure-20260923-o4g9cwcr/host-target/x86_64-unknown-linux-gnu/debug/deps/easycrypt_transcript-dcf76e94d34527c4)

running 4 tests
test concrete_hash_domains_match_easycrypt_layouts ... ok
test concrete_digits_match_easycrypt_bit_order_and_target ... ok
test concrete_fors_and_hypertree_fields_match_lsb_model ... ok
test concrete_digest_matches_easycrypt_byte_adapter ... ok

test result: ok. 4 passed; 0 failed; 0 ignored; 0 measured; 0 filtered out; finished in 0.00s

{"exit_code": 0, "seconds": 17.27, "keygen_cases": 5, "signature_cases": 20, "negative_cases": 160, "receipt": "/tmp/pq-easycrypt-fullsign-_2gq_p0x/evidence/result.json"}
FULLSIGN_MODEL_RECEIPT={
  "exit_code": 0,
  "seconds": 17.27,
  "rust_commit": "e9f0524407b9dfe0f17e4c77410c38fe6cb32c68",
  "rust_sources": {
    "address.rs": "84f5708f1dee711f9cf0dd11c14b8770618e3353f839329b24da6cca6e34ce00",
    "fors.rs": "3b64e07bc9c3a6c0e1db1d63da90c32ad34b26857dfe5767997df360b7713ed2",
    "hash.rs": "049a689c96ef9e14ce34030e71269292f3f6951b522cad88d56daa4466ade2c4",
    "hypertree.rs": "0541fe8f4b6f284d060c620e9aa38f02a9384e551f47577e85cd7f648ab14b7b",
    "lib.rs": "235b5db237d6133860fb7a9d36c2a89195700d8602806688aceb45b52fa0719f",
    "merkle.rs": "f787428b15cea6fb353eb3e1830f9f737067ce70a74e4d6b79113b83a1f3aed0",
    "near_miss.rs": "6fed92e4bbf9d13a43f0040335f3e7a4f3b3fd84fb49eba3db410f46a42512a3",
    "params.rs": "827bc33e6665125484d354f57f2aea1fbf4f1e7a64aa330801cdb72f311eb911",
    "shuffle.rs": "2f3e0b12351084599294c9ccdfa01d18d7e2130a2fa84bae177ef26cfdb470ad",
    "wots.rs": "e7ebe1d71591e68f6045383b041905ff17ad5822def35e77e11244ffdf49c56b"
  },
  "model_sources": {
    "RawKeygen.ec": "9f983fbb237129b0600ee1462429a722c53f86a5a74e25a0e508f16c1238174e",
    "RawFors.ec": "cea927f567b23443a0c0846493089f3651f1eb57a86daae508527b612741833e",
    "RawShuffle.ec": "2d8c14b922f4e85c7c2a1a8a4852a7622dbff8a87a3e6faf43ff6b13d5e3e639",
    "RawWots.ec": "b0510301eba5d387e3199d216bae2772f5e27480bdb3a23f037881c59138a558",
    "RawForest.ec": "76b40a69989b36c88ecc4d9e9fae197da65fee865ea2572be94f50f297fb2f10",
    "RawMerkle.ec": "c39af26b991ef2929dea669be1152fcb84dbcbf0f25dfb60c2d1290c183d1f6e",
    "RawLayer.ec": "3ebf8be154f55b07d3d8f10a3dd5e541b7d47714fa2997703c93201dce30dc96",
    "RawSigner.ec": "8b40da75596beb4a824890c8d5e3d58383f7f049c682815b476850a26c7b1650",
    "RawSignerCost.ec": "f6afec786f09e10a694fad65e8e0c36bdc8fa0e2f87a8d299617bf056dffeedd",
    "RawSignature.ec": "de0e9b611ea88e6aaa39e5b9d3931ff2cf611c20159eb69b42f53ae9b5bae03d",
    "RawDecode.ec": "bc0102dd6f42c3d6b2187439e961507bda5372a4a7c5c9a4887ee518a1fe09b4",
    "ByteSession.ec": "dc8e67b78f27c4412b34e636649de5cc162822ca9adc54f0a214a1229fa8e49b"
  },
  "harness_sources": {
    "src/main.rs": "5a9ba5d9985c68dd60751f2543f3ced31df6afe94096b539373a95e2d6d4faa9",
    "check.py": "fbc7bac09f2d7dd0026dde7741b8be70bd2966f59a875f1d51bec7507298b2b6",
    "Cargo.toml": "4a7ab9c9e96b752b88a40c77507fce791818733ac059dc0cb6a2af1051826617",
    "Cargo.lock": "841066878fb7673836172817b5b7d756fc98505adf976fdde7465eea4e8b2ea8"
  },
  "keygen_cases": 5,
  "signatures": [
    {
      "case": 0,
      "run": 0,
      "signature_sha256": "2602ecec7c5a549e503aea9f79f255bbfc482a8c064d22d90e9604796332833d",
      "hook_calls": 504865,
      "software_shuffle_calls": 0,
      "total_calls": 504865,
      "r_calls": 37,
      "hmsg_calls": 37,
      "verify_calls": 361
    },
    {
      "case": 0,
      "run": 1,
      "signature_sha256": "4910ada38e9c69241e083156e239fbc4c9b460f51fb2fe66a312b9def1d6ccda",
      "hook_calls": 494414,
      "software_shuffle_calls": 0,
      "total_calls": 494414,
      "r_calls": 3761,
      "hmsg_calls": 3761,
      "verify_calls": 361
    },
    {
      "case": 0,
      "run": 2,
      "signature_sha256": "2602ecec7c5a549e503aea9f79f255bbfc482a8c064d22d90e9604796332833d",
      "hook_calls": 504865,
      "software_shuffle_calls": 15,
      "total_calls": 504880,
      "r_calls": 37,
      "hmsg_calls": 37,
      "verify_calls": 361
    },
    {
      "case": 0,
      "run": 3,
      "signature_sha256": "4910ada38e9c69241e083156e239fbc4c9b460f51fb2fe66a312b9def1d6ccda",
      "hook_calls": 494414,
      "software_shuffle_calls": 15,
      "total_calls": 494429,
      "r_calls": 3761,
      "hmsg_calls": 3761,
      "verify_calls": 361
    },
    {
      "case": 1,
      "run": 0,
      "signature_sha256": "b73dafc935bfb9cf6eacf605eec0f9b34e9765732b3186933df29a4eec7c3b4a",
      "hook_calls": 502175,
      "software_shuffle_calls": 0,
      "total_calls": 502175,
      "r_calls": 4324,
      "hmsg_calls": 4324,
      "verify_calls": 361
    },
    {
      "case": 1,
      "run": 1,
      "signature_sha256": "2795a6500d01285cef1925df26ce61a78c7f91648d995a83b4df01fbae958d77",
      "hook_calls": 491482,
      "software_shuffle_calls": 0,
      "total_calls": 491482,
      "r_calls": 3821,
      "hmsg_calls": 3821,
      "verify_calls": 361
    },
    {
      "case": 1,
      "run": 2,
      "signature_sha256": "b73dafc935bfb9cf6eacf605eec0f9b34e9765732b3186933df29a4eec7c3b4a",
      "hook_calls": 502175,
      "software_shuffle_calls": 15,
      "total_calls": 502190,
      "r_calls": 4324,
      "hmsg_calls": 4324,
      "verify_calls": 361
    },
    {
      "case": 1,
      "run": 3,
      "signature_sha256": "2795a6500d01285cef1925df26ce61a78c7f91648d995a83b4df01fbae958d77",
      "hook_calls": 491482,
      "software_shuffle_calls": 15,
      "total_calls": 491497,
      "r_calls": 3821,
      "hmsg_calls": 3821,
      "verify_calls": 361
    },
    {
      "case": 2,
      "run": 0,
      "signature_sha256": "3c05ae14f1f3f0607dca264cbc86c61cdfccaaf08657a25afa7d7baa22126424",
      "hook_calls": 453988,
      "software_shuffle_calls": 0,
      "total_calls": 453988,
      "r_calls": 605,
      "hmsg_calls": 605,
      "verify_calls": 361
    },
    {
      "case": 2,
      "run": 1,
      "signature_sha256": "464933309528ac24e6bfa623d9e6d8836e09684c2d071276f6d4e99b56a00c67",
      "hook_calls": 498094,
      "software_shuffle_calls": 0,
      "total_calls": 498094,
      "r_calls": 649,
      "hmsg_calls": 649,
      "verify_calls": 361
    },
    {
      "case": 2,
      "run": 2,
      "signature_sha256": "3c05ae14f1f3f0607dca264cbc86c61cdfccaaf08657a25afa7d7baa22126424",
      "hook_calls": 453988,
      "software_shuffle_calls": 15,
      "total_calls": 454003,
      "r_calls": 605,
      "hmsg_calls": 605,
      "verify_calls": 361
    },
    {
      "case": 2,
      "run": 3,
      "signature_sha256": "464933309528ac24e6bfa623d9e6d8836e09684c2d071276f6d4e99b56a00c67",
      "hook_calls": 498094,
      "software_shuffle_calls": 15,
      "total_calls": 498109,
      "r_calls": 649,
      "hmsg_calls": 649,
      "verify_calls": 361
    },
    {
      "case": 3,
      "run": 0,
      "signature_sha256": "2daa2fbb3fe840a1d468ee7f3c770e537a51a4adf59047114c71bdfe77aa89c3",
      "hook_calls": 538014,
      "software_shuffle_calls": 0,
      "total_calls": 538014,
      "r_calls": 3492,
      "hmsg_calls": 3492,
      "verify_calls": 361
    },
    {
      "case": 3,
      "run": 1,
      "signature_sha256": "6b85806aff4468fa97be33d7fb6834695f9841b4e6ba2c405e6bce088c89063f",
      "hook_calls": 476853,
      "software_shuffle_calls": 0,
      "total_calls": 476853,
      "r_calls": 3564,
      "hmsg_calls": 3564,
      "verify_calls": 361
    },
    {
      "case": 3,
      "run": 2,
      "signature_sha256": "2daa2fbb3fe840a1d468ee7f3c770e537a51a4adf59047114c71bdfe77aa89c3",
      "hook_calls": 538014,
      "software_shuffle_calls": 15,
      "total_calls": 538029,
      "r_calls": 3492,
      "hmsg_calls": 3492,
      "verify_calls": 361
    },
    {
      "case": 3,
      "run": 3,
      "signature_sha256": "6b85806aff4468fa97be33d7fb6834695f9841b4e6ba2c405e6bce088c89063f",
      "hook_calls": 476853,
      "software_shuffle_calls": 15,
      "total_calls": 476868,
      "r_calls": 3564,
      "hmsg_calls": 3564,
      "verify_calls": 361
    },
    {
      "case": 4,
      "run": 0,
      "signature_sha256": "cffc4e2b9ff7be0014c0a8d7b1ae1cd74d49e3de03cd46571dc8f2864cb113ea",
      "hook_calls": 479192,
      "software_shuffle_calls": 0,
      "total_calls": 479192,
      "r_calls": 2162,
      "hmsg_calls": 2162,
      "verify_calls": 361
    },
    {
      "case": 4,
      "run": 1,
      "signature_sha256": "2f424f2ba20b7b5b2bbeaa0d0fa719ec5a2f0416348c42818035c5f545c61a10",
      "hook_calls": 480852,
      "software_shuffle_calls": 0,
      "total_calls": 480852,
      "r_calls": 359,
      "hmsg_calls": 359,
      "verify_calls": 361
    },
    {
      "case": 4,
      "run": 2,
      "signature_sha256": "cffc4e2b9ff7be0014c0a8d7b1ae1cd74d49e3de03cd46571dc8f2864cb113ea",
      "hook_calls": 479192,
      "software_shuffle_calls": 15,
      "total_calls": 479207,
      "r_calls": 2162,
      "hmsg_calls": 2162,
      "verify_calls": 361
    },
    {
      "case": 4,
      "run": 3,
      "signature_sha256": "2f424f2ba20b7b5b2bbeaa0d0fa719ec5a2f0416348c42818035c5f545c61a10",
      "hook_calls": 480852,
      "software_shuffle_calls": 15,
      "total_calls": 480867,
      "r_calls": 359,
      "hmsg_calls": 359,
      "verify_calls": 361
    }
  ],
  "negative_verifications": [
    {
      "case": 0,
      "run": 0,
      "position": -1,
      "accepted": false,
      "verify_calls": 1
    },
    {
      "case": 0,
      "run": 0,
      "position": 0,
      "accepted": false,
      "verify_calls": 1
    },
    {
      "case": 0,
      "run": 0,
      "position": 16,
      "accepted": false,
      "verify_calls": 167
    },
    {
      "case": 0,
      "run": 0,
      "position": 224,
      "accepted": false,
      "verify_calls": 167
    },
    {
      "case": 0,
      "run": 0,
      "position": 2336,
      "accepted": false,
      "verify_calls": 264
    },
    {
      "case": 0,
      "run": 0,
      "position": 3024,
      "accepted": false,
      "verify_calls": 167
    },
    {
      "case": 0,
      "run": 0,
      "position": 3028,
      "accepted": false,
      "verify_calls": 264
    },
    {
      "case": 0,
      "run": 0,
      "position": 4007,
      "accepted": false,
      "verify_calls": 361
    },
    {
      "case": 0,
      "run": 1,
      "position": -1,
      "accepted": false,
      "verify_calls": 1
    },
    {
      "case": 0,
      "run": 1,
      "position": 0,
      "accepted": false,
      "verify_calls": 1
    },
    {
      "case": 0,
      "run": 1,
      "position": 16,
      "accepted": false,
      "verify_calls": 167
    },
    {
      "case": 0,
      "run": 1,
      "position": 224,
      "accepted": false,
      "verify_calls": 167
    },
    {
      "case": 0,
      "run": 1,
      "position": 2336,
      "accepted": false,
      "verify_calls": 264
    },
    {
      "case": 0,
      "run": 1,
      "position": 3024,
      "accepted": false,
      "verify_calls": 167
    },
    {
      "case": 0,
      "run": 1,
      "position": 3028,
      "accepted": false,
      "verify_calls": 264
    },
    {
      "case": 0,
      "run": 1,
      "position": 4007,
      "accepted": false,
      "verify_calls": 361
    },
    {
      "case": 0,
      "run": 2,
      "position": -1,
      "accepted": false,
      "verify_calls": 1
    },
    {
      "case": 0,
      "run": 2,
      "position": 0,
      "accepted": false,
      "verify_calls": 1
    },
    {
      "case": 0,
      "run": 2,
      "position": 16,
      "accepted": false,
      "verify_calls": 167
    },
    {
      "case": 0,
      "run": 2,
      "position": 224,
      "accepted": false,
      "verify_calls": 167
    },
    {
      "case": 0,
      "run": 2,
      "position": 2336,
      "accepted": false,
      "verify_calls": 264
    },
    {
      "case": 0,
      "run": 2,
      "position": 3024,
      "accepted": false,
      "verify_calls": 167
    },
    {
      "case": 0,
      "run": 2,
      "position": 3028,
      "accepted": false,
      "verify_calls": 264
    },
    {
      "case": 0,
      "run": 2,
      "position": 4007,
      "accepted": false,
      "verify_calls": 361
    },
    {
      "case": 0,
      "run": 3,
      "position": -1,
      "accepted": false,
      "verify_calls": 1
    },
    {
      "case": 0,
      "run": 3,
      "position": 0,
      "accepted": false,
      "verify_calls": 1
    },
    {
      "case": 0,
      "run": 3,
      "position": 16,
      "accepted": false,
      "verify_calls": 167
    },
    {
      "case": 0,
      "run": 3,
      "position": 224,
      "accepted": false,
      "verify_calls": 167
    },
    {
      "case": 0,
      "run": 3,
      "position": 2336,
      "accepted": false,
      "verify_calls": 264
    },
    {
      "case": 0,
      "run": 3,
      "position": 3024,
      "accepted": false,
      "verify_calls": 167
    },
    {
      "case": 0,
      "run": 3,
      "position": 3028,
      "accepted": false,
      "verify_calls": 264
    },
    {
      "case": 0,
      "run": 3,
      "position": 4007,
      "accepted": false,
      "verify_calls": 361
    },
    {
      "case": 1,
      "run": 0,
      "position": -1,
      "accepted": false,
      "verify_calls": 1
    },
    {
      "case": 1,
      "run": 0,
      "position": 0,
      "accepted": false,
      "verify_calls": 1
    },
    {
      "case": 1,
      "run": 0,
      "position": 16,
      "accepted": false,
      "verify_calls": 167
    },
    {
      "case": 1,
      "run": 0,
      "position": 224,
      "accepted": false,
      "verify_calls": 167
    },
    {
      "case": 1,
      "run": 0,
      "position": 2336,
      "accepted": false,
      "verify_calls": 264
    },
    {
      "case": 1,
      "run": 0,
      "position": 3024,
      "accepted": false,
      "verify_calls": 167
    },
    {
      "case": 1,
      "run": 0,
      "position": 3028,
      "accepted": false,
      "verify_calls": 264
    },
    {
      "case": 1,
      "run": 0,
      "position": 4007,
      "accepted": false,
      "verify_calls": 361
    },
    {
      "case": 1,
      "run": 1,
      "position": -1,
      "accepted": false,
      "verify_calls": 1
    },
    {
      "case": 1,
      "run": 1,
      "position": 0,
      "accepted": false,
      "verify_calls": 1
    },
    {
      "case": 1,
      "run": 1,
      "position": 16,
      "accepted": false,
      "verify_calls": 167
    },
    {
      "case": 1,
      "run": 1,
      "position": 224,
      "accepted": false,
      "verify_calls": 167
    },
    {
      "case": 1,
      "run": 1,
      "position": 2336,
      "accepted": false,
      "verify_calls": 264
    },
    {
      "case": 1,
      "run": 1,
      "position": 3024,
      "accepted": false,
      "verify_calls": 167
    },
    {
      "case": 1,
      "run": 1,
      "position": 3028,
      "accepted": false,
      "verify_calls": 264
    },
    {
      "case": 1,
      "run": 1,
      "position": 4007,
      "accepted": false,
      "verify_calls": 361
    },
    {
      "case": 1,
      "run": 2,
      "position": -1,
      "accepted": false,
      "verify_calls": 1
    },
    {
      "case": 1,
      "run": 2,
      "position": 0,
      "accepted": false,
      "verify_calls": 1
    },
    {
      "case": 1,
      "run": 2,
      "position": 16,
      "accepted": false,
      "verify_calls": 167
    },
    {
      "case": 1,
      "run": 2,
      "position": 224,
      "accepted": false,
      "verify_calls": 167
    },
    {
      "case": 1,
      "run": 2,
      "position": 2336,
      "accepted": false,
      "verify_calls": 264
    },
    {
      "case": 1,
      "run": 2,
      "position": 3024,
      "accepted": false,
      "verify_calls": 167
    },
    {
      "case": 1,
      "run": 2,
      "position": 3028,
      "accepted": false,
      "verify_calls": 264
    },
    {
      "case": 1,
      "run": 2,
      "position": 4007,
      "accepted": false,
      "verify_calls": 361
    },
    {
      "case": 1,
      "run": 3,
      "position": -1,
      "accepted": false,
      "verify_calls": 1
    },
    {
      "case": 1,
      "run": 3,
      "position": 0,
      "accepted": false,
      "verify_calls": 1
    },
    {
      "case": 1,
      "run": 3,
      "position": 16,
      "accepted": false,
      "verify_calls": 167
    },
    {
      "case": 1,
      "run": 3,
      "position": 224,
      "accepted": false,
      "verify_calls": 167
    },
    {
      "case": 1,
      "run": 3,
      "position": 2336,
      "accepted": false,
      "verify_calls": 264
    },
    {
      "case": 1,
      "run": 3,
      "position": 3024,
      "accepted": false,
      "verify_calls": 167
    },
    {
      "case": 1,
      "run": 3,
      "position": 3028,
      "accepted": false,
      "verify_calls": 264
    },
    {
      "case": 1,
      "run": 3,
      "position": 4007,
      "accepted": false,
      "verify_calls": 361
    },
    {
      "case": 2,
      "run": 0,
      "position": -1,
      "accepted": false,
      "verify_calls": 1
    },
    {
      "case": 2,
      "run": 0,
      "position": 0,
      "accepted": false,
      "verify_calls": 1
    },
    {
      "case": 2,
      "run": 0,
      "position": 16,
      "accepted": false,
      "verify_calls": 167
    },
    {
      "case": 2,
      "run": 0,
      "position": 224,
      "accepted": false,
      "verify_calls": 167
    },
    {
      "case": 2,
      "run": 0,
      "position": 2336,
      "accepted": false,
      "verify_calls": 264
    },
    {
      "case": 2,
      "run": 0,
      "position": 3024,
      "accepted": false,
      "verify_calls": 167
    },
    {
      "case": 2,
      "run": 0,
      "position": 3028,
      "accepted": false,
      "verify_calls": 264
    },
    {
      "case": 2,
      "run": 0,
      "position": 4007,
      "accepted": false,
      "verify_calls": 361
    },
    {
      "case": 2,
      "run": 1,
      "position": -1,
      "accepted": false,
      "verify_calls": 1
    },
    {
      "case": 2,
      "run": 1,
      "position": 0,
      "accepted": false,
      "verify_calls": 1
    },
    {
      "case": 2,
      "run": 1,
      "position": 16,
      "accepted": false,
      "verify_calls": 167
    },
    {
      "case": 2,
      "run": 1,
      "position": 224,
      "accepted": false,
      "verify_calls": 167
    },
    {
      "case": 2,
      "run": 1,
      "position": 2336,
      "accepted": false,
      "verify_calls": 264
    },
    {
      "case": 2,
      "run": 1,
      "position": 3024,
      "accepted": false,
      "verify_calls": 167
    },
    {
      "case": 2,
      "run": 1,
      "position": 3028,
      "accepted": false,
      "verify_calls": 264
    },
    {
      "case": 2,
      "run": 1,
      "position": 4007,
      "accepted": false,
      "verify_calls": 361
    },
    {
      "case": 2,
      "run": 2,
      "position": -1,
      "accepted": false,
      "verify_calls": 1
    },
    {
      "case": 2,
      "run": 2,
      "position": 0,
      "accepted": false,
      "verify_calls": 1
    },
    {
      "case": 2,
      "run": 2,
      "position": 16,
      "accepted": false,
      "verify_calls": 167
    },
    {
      "case": 2,
      "run": 2,
      "position": 224,
      "accepted": false,
      "verify_calls": 167
    },
    {
      "case": 2,
      "run": 2,
      "position": 2336,
      "accepted": false,
      "verify_calls": 264
    },
    {
      "case": 2,
      "run": 2,
      "position": 3024,
      "accepted": false,
      "verify_calls": 167
    },
    {
      "case": 2,
      "run": 2,
      "position": 3028,
      "accepted": false,
      "verify_calls": 264
    },
    {
      "case": 2,
      "run": 2,
      "position": 4007,
      "accepted": false,
      "verify_calls": 361
    },
    {
      "case": 2,
      "run": 3,
      "position": -1,
      "accepted": false,
      "verify_calls": 1
    },
    {
      "case": 2,
      "run": 3,
      "position": 0,
      "accepted": false,
      "verify_calls": 1
    },
    {
      "case": 2,
      "run": 3,
      "position": 16,
      "accepted": false,
      "verify_calls": 167
    },
    {
      "case": 2,
      "run": 3,
      "position": 224,
      "accepted": false,
      "verify_calls": 167
    },
    {
      "case": 2,
      "run": 3,
      "position": 2336,
      "accepted": false,
      "verify_calls": 264
    },
    {
      "case": 2,
      "run": 3,
      "position": 3024,
      "accepted": false,
      "verify_calls": 167
    },
    {
      "case": 2,
      "run": 3,
      "position": 3028,
      "accepted": false,
      "verify_calls": 264
    },
    {
      "case": 2,
      "run": 3,
      "position": 4007,
      "accepted": false,
      "verify_calls": 361
    },
    {
      "case": 3,
      "run": 0,
      "position": -1,
      "accepted": false,
      "verify_calls": 1
    },
    {
      "case": 3,
      "run": 0,
      "position": 0,
      "accepted": false,
      "verify_calls": 1
    },
    {
      "case": 3,
      "run": 0,
      "position": 16,
      "accepted": false,
      "verify_calls": 167
    },
    {
      "case": 3,
      "run": 0,
      "position": 224,
      "accepted": false,
      "verify_calls": 167
    },
    {
      "case": 3,
      "run": 0,
      "position": 2336,
      "accepted": false,
      "verify_calls": 264
    },
    {
      "case": 3,
      "run": 0,
      "position": 3024,
      "accepted": false,
      "verify_calls": 167
    },
    {
      "case": 3,
      "run": 0,
      "position": 3028,
      "accepted": false,
      "verify_calls": 264
    },
    {
      "case": 3,
      "run": 0,
      "position": 4007,
      "accepted": false,
      "verify_calls": 361
    },
    {
      "case": 3,
      "run": 1,
      "position": -1,
      "accepted": false,
      "verify_calls": 1
    },
    {
      "case": 3,
      "run": 1,
      "position": 0,
      "accepted": false,
      "verify_calls": 1
    },
    {
      "case": 3,
      "run": 1,
      "position": 16,
      "accepted": false,
      "verify_calls": 167
    },
    {
      "case": 3,
      "run": 1,
      "position": 224,
      "accepted": false,
      "verify_calls": 167
    },
    {
      "case": 3,
      "run": 1,
      "position": 2336,
      "accepted": false,
      "verify_calls": 264
    },
    {
      "case": 3,
      "run": 1,
      "position": 3024,
      "accepted": false,
      "verify_calls": 167
    },
    {
      "case": 3,
      "run": 1,
      "position": 3028,
      "accepted": false,
      "verify_calls": 264
    },
    {
      "case": 3,
      "run": 1,
      "position": 4007,
      "accepted": false,
      "verify_calls": 361
    },
    {
      "case": 3,
      "run": 2,
      "position": -1,
      "accepted": false,
      "verify_calls": 1
    },
    {
      "case": 3,
      "run": 2,
      "position": 0,
      "accepted": false,
      "verify_calls": 1
    },
    {
      "case": 3,
      "run": 2,
      "position": 16,
      "accepted": false,
      "verify_calls": 167
    },
    {
      "case": 3,
      "run": 2,
      "position": 224,
      "accepted": false,
      "verify_calls": 167
    },
    {
      "case": 3,
      "run": 2,
      "position": 2336,
      "accepted": false,
      "verify_calls": 264
    },
    {
      "case": 3,
      "run": 2,
      "position": 3024,
      "accepted": false,
      "verify_calls": 167
    },
    {
      "case": 3,
      "run": 2,
      "position": 3028,
      "accepted": false,
      "verify_calls": 264
    },
    {
      "case": 3,
      "run": 2,
      "position": 4007,
      "accepted": false,
      "verify_calls": 361
    },
    {
      "case": 3,
      "run": 3,
      "position": -1,
      "accepted": false,
      "verify_calls": 1
    },
    {
      "case": 3,
      "run": 3,
      "position": 0,
      "accepted": false,
      "verify_calls": 1
    },
    {
      "case": 3,
      "run": 3,
      "position": 16,
      "accepted": false,
      "verify_calls": 167
    },
    {
      "case": 3,
      "run": 3,
      "position": 224,
      "accepted": false,
      "verify_calls": 167
    },
    {
      "case": 3,
      "run": 3,
      "position": 2336,
      "accepted": false,
      "verify_calls": 264
    },
    {
      "case": 3,
      "run": 3,
      "position": 3024,
      "accepted": false,
      "verify_calls": 167
    },
    {
      "case": 3,
      "run": 3,
      "position": 3028,
      "accepted": false,
      "verify_calls": 264
    },
    {
      "case": 3,
      "run": 3,
      "position": 4007,
      "accepted": false,
      "verify_calls": 361
    },
    {
      "case": 4,
      "run": 0,
      "position": -1,
      "accepted": false,
      "verify_calls": 1
    },
    {
      "case": 4,
      "run": 0,
      "position": 0,
      "accepted": false,
      "verify_calls": 1
    },
    {
      "case": 4,
      "run": 0,
      "position": 16,
      "accepted": false,
      "verify_calls": 167
    },
    {
      "case": 4,
      "run": 0,
      "position": 224,
      "accepted": false,
      "verify_calls": 167
    },
    {
      "case": 4,
      "run": 0,
      "position": 2336,
      "accepted": false,
      "verify_calls": 264
    },
    {
      "case": 4,
      "run": 0,
      "position": 3024,
      "accepted": false,
      "verify_calls": 167
    },
    {
      "case": 4,
      "run": 0,
      "position": 3028,
      "accepted": false,
      "verify_calls": 264
    },
    {
      "case": 4,
      "run": 0,
      "position": 4007,
      "accepted": false,
      "verify_calls": 361
    },
    {
      "case": 4,
      "run": 1,
      "position": -1,
      "accepted": false,
      "verify_calls": 1
    },
    {
      "case": 4,
      "run": 1,
      "position": 0,
      "accepted": false,
      "verify_calls": 1
    },
    {
      "case": 4,
      "run": 1,
      "position": 16,
      "accepted": false,
      "verify_calls": 167
    },
    {
      "case": 4,
      "run": 1,
      "position": 224,
      "accepted": false,
      "verify_calls": 167
    },
    {
      "case": 4,
      "run": 1,
      "position": 2336,
      "accepted": false,
      "verify_calls": 264
    },
    {
      "case": 4,
      "run": 1,
      "position": 3024,
      "accepted": false,
      "verify_calls": 167
    },
    {
      "case": 4,
      "run": 1,
      "position": 3028,
      "accepted": false,
      "verify_calls": 264
    },
    {
      "case": 4,
      "run": 1,
      "position": 4007,
      "accepted": false,
      "verify_calls": 361
    },
    {
      "case": 4,
      "run": 2,
      "position": -1,
      "accepted": false,
      "verify_calls": 1
    },
    {
      "case": 4,
      "run": 2,
      "position": 0,
      "accepted": false,
      "verify_calls": 1
    },
    {
      "case": 4,
      "run": 2,
      "position": 16,
      "accepted": false,
      "verify_calls": 167
    },
    {
      "case": 4,
      "run": 2,
      "position": 224,
      "accepted": false,
      "verify_calls": 167
    },
    {
      "case": 4,
      "run": 2,
      "position": 2336,
      "accepted": false,
      "verify_calls": 264
    },
    {
      "case": 4,
      "run": 2,
      "position": 3024,
      "accepted": false,
      "verify_calls": 167
    },
    {
      "case": 4,
      "run": 2,
      "position": 3028,
      "accepted": false,
      "verify_calls": 264
    },
    {
      "case": 4,
      "run": 2,
      "position": 4007,
      "accepted": false,
      "verify_calls": 361
    },
    {
      "case": 4,
      "run": 3,
      "position": -1,
      "accepted": false,
      "verify_calls": 1
    },
    {
      "case": 4,
      "run": 3,
      "position": 0,
      "accepted": false,
      "verify_calls": 1
    },
    {
      "case": 4,
      "run": 3,
      "position": 16,
      "accepted": false,
      "verify_calls": 167
    },
    {
      "case": 4,
      "run": 3,
      "position": 224,
      "accepted": false,
      "verify_calls": 167
    },
    {
      "case": 4,
      "run": 3,
      "position": 2336,
      "accepted": false,
      "verify_calls": 264
    },
    {
      "case": 4,
      "run": 3,
      "position": 3024,
      "accepted": false,
      "verify_calls": 167
    },
    {
      "case": 4,
      "run": 3,
      "position": 3028,
      "accepted": false,
      "verify_calls": 264
    },
    {
      "case": 4,
      "run": 3,
      "position": 4007,
      "accepted": false,
      "verify_calls": 361
    }
  ],
  "scope": "Manual byte/call correspondence for public fixtures; software shuffle SHA calls counted separately from Rust hooks. No extraction or probability/security theorem."
}

### INPUTS_SHA256 6246b802e18a8ee1b4f2d8d3b0384c6c
OK   INPUTS_SHA256 matches the committed identity
OK   coverage: all 2599 top-level statements across 438 CONE files are pinned (roots 181 + transitively required)
OK   quarantine intact: 24 declarations, 3 require lines, sealed leaf, no inbound requires, no magnitude leakage
OK   taint containment: closure = 2 lemmas, none of the 120 headline results is in it (name-level, NOT a soundness proof -- see the tool header)
OK   scope-probe linkage: 112 headline files <-> 112 registered scope probes (exact bijection)
OK unique statement pins: 3000
OK split static contract: 438 files; proof execution not performed
OK toolchain: r2026.02, 25 pinned prover configurations
### IMAGE ghcr.io/easycrypt/ec-test-box@sha256:bf1a13e73d7fe18fccdcc91d1532c1a5a17cfc3a6a2a34619248c4f2710d0bb3
OK proof controls: direct dependency failure / import acceptance / open-proof rejection / abstract require and EOF
OK   no dual-extension theory names on the include path
### ECO_PURGED=0
### ECO_REMAINING=0
### PHASE 1 — TARGETS
OK   target base-c10-split/BinaryTrees.ec
OK   target base-c10-split/MerkleTrees.ec
OK   target base-c10-split/KeyedHashFunctions.eca
OK   target base-c10-split/TweakableHashFunctions.eca
OK   target base-c10-split/HashAddresses.eca
OK   target base-c10-split/RadixEncoding.ec
OK   target base-c10-split/WOTS_TW_ES.ec
OK   target base-c10-split/FL_SL_XMSS_MT_ES.ec
OK   target base-c10-split/OpenPRE_From_TCR_DSPR_THF.eca
OK   target base-c10-split/FORS_ES.ec
OK   target base-c10-split/SPHINCS_PLUS.ec
OK   target cdrafts-split/C10Counter.ec
OK   target cdrafts-split/C10Randomizer.ec
OK   target cdrafts-split/C10RawOracle.ec
OK   target cdrafts-split/C10Bytes.ec
OK   target cdrafts-split/Grind.ec
OK   target cdrafts-split/STCR_C.ec
OK   target cdrafts-split/WOTS_C_Real.ec
OK   target cdrafts-split/WOTS_C_Scheme.ec
OK   target cdrafts-split/WOTS_C_Reduction.ec
OK   target cdrafts-split/WOTS_C_Interactive.ec
OK   target cdrafts-split/XMSSMT_C_Scheme.ec
OK   target cdrafts-split/XmssmtCC_All.ec
OK   target cdrafts-split/RtopCSoundness.ec
OK   target cdrafts-split/FxChain.ec
OK   target cdrafts-split/BoundedIID.ec
OK   target cdrafts-split/FORS_C10.ec
OK   target cdrafts-split/FORS_C10_Multi.ec
OK   target cdrafts-split/GprocFORSC10.ec
OK   target cdrafts-split/SphincsC10CapstoneWired.ec
OK   target cdrafts-split/SphincsC10Content.ec
OK   target cdrafts-split/C10DeployedInstance.ec
OK   target cdrafts-split/C10HashDomains.ec
OK   target cdrafts-split/C10RawGrind.ec
OK   target cdrafts-split/SecretPrefix.ec
OK   target cdrafts-split/PrefixGuess.ec
OK   target cdrafts-split/PrefixHybrid.ec
OK   target cdrafts-split/RoleGrind.ec
OK   target cdrafts-split/GrindReplay.ec
OK   target cdrafts-split/GrindWitness.ec
OK   target cdrafts-split/PersistentGrind.ec
OK   target cdrafts-split/RTailFresh.ec
OK   target cdrafts-split/IdealWitness.ec
OK   target cdrafts-split/RawRHistory.ec
OK   target cdrafts-split/RawTrial.ec
OK   target cdrafts-split/RTailMessages.ec
OK   target cdrafts-split/RTailContexts.ec
OK   target cdrafts-split/FORSC10Digest.ec
OK   target cdrafts-split/GrindTail.ec
OK   target cdrafts-split/StreamBound.ec
OK   target cdrafts-split/TrialExpectation.ec
OK   target cdrafts-split/StreamExpectation.ec
OK   target cdrafts-split/GrindExhaustion.ec
OK   target cdrafts-split/ExhaustionCharges.ec
OK   target cdrafts-split/ContextExhaustion.ec
OK   target cdrafts-split/AcceptedContexts.ec
OK   target cdrafts-split/DigestPrefix.ec
OK   target cdrafts-split/FreshCoverage.ec
OK   target cdrafts-split/AcceptedSampling.ec
OK   target cdrafts-split/TrialAccepted.ec
OK   target cdrafts-split/StreamAccepted.ec
OK   target cdrafts-split/AcceptedCoverage.ec
OK   target cdrafts-split/DigestWindow.ec
OK   target cdrafts-split/AcceptedHypertree.ec
OK   target cdrafts-split/KeygenPrefixes.ec
OK   target cdrafts-split/RoleGrindCost.ec
OK   target cdrafts-split/RawKeygen.ec
OK   target cdrafts-split/RawKeygenCost.ec
OK   target cdrafts-split/PreparedGrind.ec
OK   target cdrafts-split/RawFors.ec
OK   target cdrafts-split/PrefixGames.ec
OK   target cdrafts-split/PrefixBound.ec
OK   target cdrafts-split/PrefixIdeal.ec
OK   target cdrafts-split/PreparedHistory.ec
OK   target cdrafts-split/PreparedExhaustion.ec
OK   target cdrafts-split/PreparedRaw.ec
OK   target cdrafts-split/KeygenExhaustion.ec
OK   target cdrafts-split/PhysicalKeygenCost.ec
OK   target cdrafts-split/RawShuffle.ec
OK   target cdrafts-split/RawForest.ec
OK   target cdrafts-split/RawWots.ec
OK   target cdrafts-split/RawMerkle.ec
OK   target cdrafts-split/RawLayer.ec
OK   target cdrafts-split/RawSigner.ec
OK   target cdrafts-split/RawSignature.ec
OK   target cdrafts-split/RawCodec.ec
OK   target cdrafts-split/RawSlices.ec
OK   target cdrafts-split/RawDecode.ec
OK   target cdrafts-split/FullSession.ec
OK   target cdrafts-split/ByteSession.ec
OK   target cdrafts-split/BuilderTotality.ec
OK   target cdrafts-split/PathReplay.ec
OK   target cdrafts-split/PathOracle.ec
OK   target cdrafts-split/RawPathReplay.ec
OK   target cdrafts-split/DyadicStack.ec
OK   target cdrafts-split/NodeGridIndex.ec
OK   target cdrafts-split/NodeGridPath.ec
OK   target cdrafts-split/NodeCatalog.ec
OK   target cdrafts-split/StackAlignment.ec
OK   target cdrafts-split/NodeCatalogDomain.ec
OK   target cdrafts-split/StackPowers.ec
OK   target cdrafts-split/LinearChain.ec
OK   target cdrafts-split/LinearOracle.ec
OK   target cdrafts-split/RawChainTrace.ec
OK   target cdrafts-split/WotsReference.ec
OK   target cdrafts-split/RawLeafChains.ec
OK   target cdrafts-split/WotsReferenceOracle.ec
OK   target cdrafts-split/WotsReferenceStep.ec
OK   target cdrafts-split/WotsChainReference.ec
OK   target cdrafts-split/WotsLeafReference.ec
OK   target cdrafts-split/MonotoneHistory.ec
OK   target cdrafts-split/RawCountRecorded.ec
OK   target cdrafts-split/WotsReferenceRoot.ec
OK   target cdrafts-split/WotsCatalog.ec
OK   target cdrafts-split/CatalogDeterminism.ec
OK   target cdrafts-split/WotsRootDeterminism.ec
OK   target cdrafts-split/MerkleRootWitness.ec
OK   target cdrafts-split/RawHistoryPreservation.ec
OK   target cdrafts-split/GrindReturned.ec
OK   target cdrafts-split/RawForsPathReplay.ec
OK   target cdrafts-split/ForsOpening.ec
OK   target cdrafts-split/ForestOpenings.ec
OK   target cdrafts-split/ForestWitness.ec
OK   target cdrafts-split/RecoveryHistory.ec
OK   target cdrafts-split/ForsComponentHistory.ec
OK   target cdrafts-split/ForestOracle.ec
OK   target cdrafts-split/RawWidths.ec
OK   target cdrafts-split/RawTreeWidths.ec
OK   target cdrafts-split/ForsOneRecorded.ec
OK   target cdrafts-split/ForestOneStep.ec
OK   target cdrafts-split/ShuffleBytes.ec
OK   target cdrafts-split/ShuffleSwap.ec
OK   target cdrafts-split/RawShufflePermutation.ec
OK   target cdrafts-split/ForestSignRecorded.ec
OK   target cdrafts-split/PathCollision.ec
OK   target cdrafts-split/PathInputs.ec
OK   target cdrafts-split/ForsLeafInputs.ec
OK   target cdrafts-split/RawForsComparison.ec
OK   target cdrafts-split/ForsOpeningReplay.ec
OK   target cdrafts-split/FixedHashReplay.ec
OK   target cdrafts-split/ForestRecoveryReplay.ec
OK   target cdrafts-split/ForestOpening.ec
OK   target cdrafts-split/LinearSplit.ec
OK   target cdrafts-split/WotsChainSplit.ec
OK   target cdrafts-split/WotsSignatureValue.ec
OK   target cdrafts-split/RawWotsFill.ec
OK   target cdrafts-split/PreparationHistory.ec
OK   target cdrafts-split/ChainHistory.ec
OK   target cdrafts-split/RawChainReplay.ec
OK   target cdrafts-split/FixedChainReplay.ec
OK   target cdrafts-split/FixedWotsChains.ec
OK   target cdrafts-split/WotsFillCorrect.ec
OK   target cdrafts-split/WotsCountWitness.ec
OK   target cdrafts-split/WotsSignWitness.ec
OK   target cdrafts-split/LayerPath.ec
OK   target cdrafts-split/LayerWitness.ec
OK   target cdrafts-split/LayerWotsSign.ec
OK   target cdrafts-split/RawWotsRecovery.ec
OK   target cdrafts-split/WotsOpeningRecovery.ec
OK   target cdrafts-split/RawPathComparison.ec
OK   target cdrafts-split/LayerRecoveryCorrect.ec
OK   target cdrafts-split/CatalogForest.ec
OK   target cdrafts-split/AuthSlots.ec
OK   target cdrafts-split/AuthCaptureSchedule.ec
OK   target cdrafts-split/StackProjection.ec
OK   target cdrafts-split/CatalogStack.ec
OK   target cdrafts-split/AuthPhase.ec
OK   target cdrafts-split/MerkleBuildWitness.ec
OK   target cdrafts-split/MerkleCatalogObserver.ec
OK   target cdrafts-split/ForsBuildWitness.ec
OK   target cdrafts-split/ForsCatalogObserver.ec
OK   target cdrafts-split/CatalogWidths.ec
OK   target cdrafts-split/CatalogPath.ec
OK   target cdrafts-split/BuilderPath.ec
OK   target cdrafts-split/CatalogMerge.ec
OK   target cdrafts-split/CatalogOracle.ec
OK   target cdrafts-split/MerkleCatalogSound.ec
OK   target cdrafts-split/CatalogForestMerge.ec
OK   target cdrafts-split/AuthCaptureIndex.ec
OK   target cdrafts-split/AuthCaptureValue.ec
OK   target cdrafts-split/AuthSteps.ec
OK   target cdrafts-split/AuthStepInvariant.ec
OK   target cdrafts-split/AuthAdvance.ec
OK   target cdrafts-split/MerkleCatalogAuth.ec
OK   target cdrafts-split/MerkleBuilderPath.ec
OK   target cdrafts-split/RawWotsReference.ec
OK   target cdrafts-split/WotsCatalogOracle.ec
OK   target cdrafts-split/MerkleWotsLeaves.ec
OK   target cdrafts-split/MerkleBuilderWots.ec
OK   target cdrafts-split/LayerSignWitness.ec
OK   target cdrafts-split/LayerRecoveryHistory.ec
OK   target cdrafts-split/LayerSignOpening.ec
OK   target cdrafts-split/SignerCoordinates.ec
OK   target cdrafts-split/LayerOpeningReplay.ec
OK   target cdrafts-split/SignerLayerTrace.ec
OK   target cdrafts-split/SignerFinishState.ec
OK   target cdrafts-split/SignerComponentHistory.ec
OK   target cdrafts-split/SignerRecoveryStep.ec
OK   target cdrafts-split/SignerVerifierReplay.ec
OK   target cdrafts-split/IndependentWidths.ec
OK   target cdrafts-split/BuildRootProjection.ec
OK   target cdrafts-split/RawMerkleRootWitness.ec
OK   target cdrafts-split/SignerAccepted.ec
OK   target cdrafts-split/SignerReturned.ec
OK   target cdrafts-split/SignerGrindRoot.ec
OK   target cdrafts-split/SignerForestStep.ec
OK   target cdrafts-split/MerkleRootPersistence.ec
OK   target cdrafts-split/LayerSignCorrect.ec
OK   target cdrafts-split/LayerPriorRoot.ec
OK   target cdrafts-split/SignerLayerStep.ec
OK   target cdrafts-split/SignerFinishWitness.ec
OK   target cdrafts-split/SignerFinishRecorded.ec
OK   target cdrafts-split/SignerReturnedOpening.ec
OK   target cdrafts-split/RawCompositeWidths.ec
OK   target cdrafts-split/RawSignerWidths.ec
OK   target cdrafts-split/IndependentSignerWidth.ec
OK   target cdrafts-split/RawByteValues.ec
OK   target cdrafts-split/RawWotsBytes.ec
OK   target cdrafts-split/RawTreeBytes.ec
OK   target cdrafts-split/RawCompositeBytes.ec
OK   target cdrafts-split/RawSignerBytes.ec
OK   target cdrafts-split/EncodedSlices.ec
OK   target cdrafts-split/EncodedLayer.ec
OK   target cdrafts-split/EncodedSignatureSlices.ec
OK   target cdrafts-split/EncodedSignature.ec
OK   target cdrafts-split/SignerEncodingCorrect.ec
OK   target cdrafts-split/ActualByteSignerCorrect.ec
OK   target cdrafts-split/ActualForestCorrect.ec
OK   target cdrafts-split/ActualLayerCorrect.ec
OK   target cdrafts-split/ActualSignerCorrect.ec
OK   target cdrafts-split/WotsSignCorrect.ec
OK   target cdrafts-split/ActualWotsCorrect.ec
OK   target cdrafts-split/PrefixAudit.ec
OK   target cdrafts-split/AuditPrefix.ec
OK   target cdrafts-split/AuditComplete.ec
OK   target cdrafts-split/BadEncCountermodel.ec
OK   target cdrafts-split/TCollResEnum.ec
OK   target cdrafts-split/BadEncSplit.ec
OK   target cdrafts-split/BadEncToTColl.ec
OK   target cdrafts-split/BadEncStep4.ec
OK   target cdrafts-split/RawForsCost.ec
OK   target cdrafts-split/RawForestCost.ec
OK   target cdrafts-split/RawWotsCost.ec
OK   target cdrafts-split/RawMerkleCost.ec
OK   target cdrafts-split/RawLayerCost.ec
OK   target cdrafts-split/RawSignerCost.ec
OK   target cdrafts-split/FullSessionCost.ec
OK   target cdrafts-split/PrefixState.ec
OK   target cdrafts-split/FullPrefix.ec
OK   target cdrafts-split/ByteBound.ec
OK   target cdrafts-split/ByteAudit.ec
OK   target cdrafts-split/NodeDistribution.ec
OK   target cdrafts-split/ProjectedBirthday.ec
OK   target cdrafts-split/MemoNodeCollision.ec
OK   target cdrafts-split/ProjectedMemoOracle.ec
OK   target cdrafts-split/PublicCollisionGame.ec
OK   target cdrafts-split/PublicNodeZero.ec
OK   target cdrafts-split/PublicCollisionState.ec
OK   target cdrafts-split/BytePublicCollision.ec
OK   target cdrafts-split/BytePublicNodeBad.ec
OK   target cdrafts-split/GrindTrace.ec
OK   target cdrafts-split/GrindTraceRecorded.ec
OK   target cdrafts-split/GrindTraceReplay.ec
OK   target cdrafts-split/SignerTrace.ec
OK   target cdrafts-split/MessageHistory.ec
OK   target cdrafts-split/VerifierHistory.ec
OK   target cdrafts-split/RootSessionHistory.ec
OK   target cdrafts-split/ForestRecoveryRecord.ec
OK   target cdrafts-split/LinearCollision.ec
OK   target cdrafts-split/WotsRecoveryTrace.ec
OK   target cdrafts-split/RecoveryTraceOracle.ec
OK   target cdrafts-split/RawRecoveryTrace.ec
OK   target cdrafts-split/WotsRecoveryHistory.ec
OK   target cdrafts-split/LayerRecoveryRecord.ec
OK   target cdrafts-split/VerifierForestRecords.ec
OK   target cdrafts-split/RecoveryCompression.ec
OK   target cdrafts-split/WotsZeroSentinel.ec
OK   target cdrafts-split/VerifierWotsOpening.ec
OK   target cdrafts-split/RootCoverage.ec
OK   target cdrafts-split/NodeCollisionEvents.ec
OK   target cdrafts-split/LayerRecordExtraction.ec
OK   target cdrafts-split/VerifierLayerRecords.ec
OK   target cdrafts-split/SubtreeOpeningCases.ec
OK   target cdrafts-split/SecretLeafOrigins.ec
OK   target cdrafts-split/SecretLeafOracle.ec
OK   target cdrafts-split/ForsPrivateLeaves.ec
OK   target cdrafts-split/ForsRootWitness.ec
OK   target cdrafts-split/ForestRootWitness.ec
OK   target cdrafts-split/ForestCoordinates.ec
OK   target cdrafts-split/ForsRecordExtraction.ec
OK   target cdrafts-split/ForestRecordExtraction.ec
OK   target cdrafts-split/ForestOpeningCases.ec
OK   target cdrafts-split/SessionForestExtraction.ec
OK   target cdrafts-split/TopVerifierOpening.ec
OK   target cdrafts-split/RawWotsExtraction.ec
OK   target cdrafts-split/LayerExtractionHistory.ec
OK   target cdrafts-split/ForsCatalogSound.ec
OK   target cdrafts-split/ForsCatalogAuth.ec
OK   target cdrafts-split/ForsBuilderPath.ec
OK   target cdrafts-split/RawBuilderReference.ec
OK   target cdrafts-split/MerkleBuilderComparison.ec
OK   target cdrafts-split/LayerWotsExtraction.ec
OK   target cdrafts-split/RootLayerExtraction.ec
OK   target cdrafts-split/RootExtractionHistory.ec
OK   target cdrafts-split/VerifierTopExtraction.ec
OK   target cdrafts-split/SessionTopExtraction.ec
OK   target cdrafts-split/ByteGameTopExtraction.ec
OK   target cdrafts-split/ByteGameForestExtraction.ec
OK   target cdrafts-split/ByteForestOpeningHop.ec
OK   target cdrafts-split/SessionSubtreeExtraction.ec
OK   target cdrafts-split/ByteGameSubtreeExtraction.ec
OK   target cdrafts-split/RHistoryOps.ec
OK   target cdrafts-split/PreparedFinish.ec
OK   target cdrafts-split/SignerMessages.ec
OK   target cdrafts-split/FullMessageHistory.ec
OK   target cdrafts-split/RSession.ec
OK   target cdrafts-split/RSessionHistory.ec
OK   target cdrafts-split/SignerRecorded.ec
OK   target cdrafts-split/FullHistory.ec
OK   target cdrafts-split/ByteHistory.ec
OK   target cdrafts-split/DigestCoordinates.ec
OK   target cdrafts-split/ByteReplay.ec
OK   target cdrafts-split/ByteSubtreeOpeningHop.ec
OK   target cdrafts-split/ByteTopOpeningHop.ec
OK   target cdrafts-split/C10BoundedGrind.ec
OK   target cdrafts-split/C10BoundedSigning.ec
OK   target cdrafts-split/C10WOTSCorrect.ec
OK   target cdrafts-split/C10BoundedHypertree.ec
OK   target cdrafts-split/C10HypertreeCoverage.ec
OK   target cdrafts-split/C10HypertreeCorrect.ec
OK   target cdrafts-split/C10BoundedGame.ec
OK   target cdrafts-split/GFailCharged.ec
OK   target cdrafts-split/C10BoundedMA.ec
OK   target cdrafts-split/C10CubeCorrect.ec
OK   target cdrafts-split/C10CubeConstruction.ec
OK   target cdrafts-split/C10ReductionChoose.ec
OK   target cdrafts-split/C10ReductionForge.ec
OK   target cdrafts-split/C10AcceptedReduction.ec
OK   target cdrafts-split/VecDP.ec
OK   target cdrafts-split/CountDS.ec
OK   target cdrafts-split/C10DigitUniform.ec
OK   target cdrafts-split/C10SurfaceKernel.ec
OK   target cdrafts-split/C10Surface.ec
OK   target cdrafts-split/C10Encoding.ec
OK   target cdrafts-split/C10BoundedIID.ec
OK   target cdrafts-split/C10BoundedLeaf.ec
OK   target cdrafts-split/C10BoundedReduction.ec
OK   target cdrafts-split/C10DeployedCapstone.ec
OK   target cdrafts-split/C10DeployedGeometry.ec
OK   target cdrafts-split/C10DeployedScope.ec
OK   target cdrafts-split/C10HypertreeAccepted.ec
OK   target cdrafts-split/XmssmtCCCharged.ec
OK   target cdrafts-split/C10HypertreeCharged.ec
OK   target cdrafts-split/SharedROBounded.ec
OK   target cdrafts-split/C10SharedSearch.ec
OK   target cdrafts-split/C10SearchBounds.ec
OK   target cdrafts-split/C10SpecControls.ec
OK   target cdrafts-split/C10StatefulSearch.ec
OK   target cdrafts-split/SessionDigest.ec
OK   target cdrafts-split/ClassifiedHistory.ec
OK   target cdrafts-split/ClassifiedGrind.ec
OK   target cdrafts-split/ClassifiedSigner.ec
OK   target cdrafts-split/ClassifiedSession.ec
OK   target cdrafts-split/ClassifiedBound.ec
OK   target cdrafts-split/DarkSide.ec
OK   target cdrafts-split/DarkSideC10.ec
OK   target cdrafts-split/DigestPair.ec
OK   target cdrafts-split/ExposureLog.ec
OK   target cdrafts-split/ExposureAccounting.ec
OK   target cdrafts-split/ForestReferenceHistory.ec
OK   target cdrafts-split/ForsBuilderPrivate.ec
OK   target cdrafts-split/ForsRootRecording.ec
OK   target cdrafts-split/ForsPrivateEntry.ec
OK   target cdrafts-split/ForsKnownSecret.ec
OK   target cdrafts-split/ForsSignWitness.ec
OK   target cdrafts-split/ForsReturnedRoot.ec
OK   target cdrafts-split/ForestRootPrefix.ec
OK   target cdrafts-split/ForestRootRecording.ec
OK   target cdrafts-split/SignerForestReference.ec
OK   target cdrafts-split/HonestForestMessages.ec
OK   target cdrafts-split/LayerReturnedRoot.ec
OK   target cdrafts-split/SignerSubtreeReference.ec
OK   target cdrafts-split/HonestSubtreeMessages.ec
OK   target cdrafts-split/ExposureSupport.ec
OK   target cdrafts-split/ExposureReferences.ec
OK   target cdrafts-split/ExposureComponents.ec
OK   target cdrafts-split/ExposureDriver.ec
OK   target cdrafts-split/ExposureWidths.ec
OK   target cdrafts-split/ExposurePrivate.ec
OK   target cdrafts-split/ForsRootDeterminism.ec
OK   target cdrafts-split/ExposureCoverage.ec
OK   target cdrafts-split/ExposureHistory.ec
OK   target cdrafts-split/ExposureSessionHistory.ec
OK   target cdrafts-split/ExposureGameHistory.ec
OK   target cdrafts-split/ExposureForge.ec
OK   target cdrafts-split/ExposurePartition.ec
OK   target cdrafts-split/ExposurePartitionGame.ec
OK   target cdrafts-split/ExposurePartitionHop.ec
OK   target cdrafts-split/FORS_C.ec
OK   target cdrafts-split/FORS_C_TreePort.ec
OK   target cdrafts-split/LeafOrigins.ec
OK   target cdrafts-split/LeafOriginOracle.ec
OK   target cdrafts-split/ForsLeafOrigins.ec
OK   target cdrafts-split/ForsBuilderSecret.ec
OK   target cdrafts-split/ForsBuilderComparison.ec
OK   target cdrafts-split/ForsSignCorrect.ec
OK   target cdrafts-split/ForsSignRecord.ec
OK   target cdrafts-split/FullFailure.ec
OK   target cdrafts-split/GprocVI.ec
OK   target cdrafts-split/SphincsC10CapstoneCharged.ec
OK   target cdrafts-split/GprocT1Opre.ec
OK   target cdrafts-split/GprocT2Trh.ec
OK   target cdrafts-split/GprocT3Trco.ec
OK   target cdrafts-split/GprocQBound.ec
OK   target cdrafts-split/GprocQWired.ec
OK   target cdrafts-split/GprocChargedQWired.ec
OK   target cdrafts-split/WotsLegCharged.ec
OK   target cdrafts-split/GprocWotsNamed.ec
OK   target cdrafts-split/GprocTCollNamed.ec
OK   target cdrafts-split/GrindHypertree.ec
OK   target cdrafts-split/GrindJointCoverage.ec
OK   target cdrafts-split/HonestByteContext.ec
OK   target cdrafts-split/HonestByteCost.ec
OK   target cdrafts-split/HonestBytePhysical.ec
OK   target cdrafts-split/LayerBuildExtraction.ec
OK   target cdrafts-split/PublicCollisionBound.ec
OK   target cdrafts-split/RSessionCost.ec
OK   target cdrafts-split/RSessionBound.ec
OK   target cdrafts-split/SessionKeygen.ec
OK   target cdrafts-split/RawSession.ec
OK   target cdrafts-split/SessionPhysical.ec
OK   target cdrafts-split/RawSessionBound.ec
OK   target cdrafts-split/RawSessionCost.ec
OK   target cdrafts-split/SessionClosedForm.ec
OK   target cdrafts-split/TotalBuilderReference.ec
OK   target cdrafts-split/VerifierWotsReplay.ec
OK   target cdrafts-split/WOTS_C_Multi.ec
OK   target cdrafts-split/WotsKeyExtraction.ec
### CONE_COMPILED=438 EXPECTED=438
### PHASE 1d — EVERY CLOSURE FILE MUST BE REQUIRABLE (not merely compilable)
OK   all closure files are requirable
### PHASE 1e — BOTH DRIVERS (compile AND cli)
OK   base-c10-split/BinaryTrees.ec (cli, 303 cmds)
OK   base-c10-split/MerkleTrees.ec (cli, 105 cmds)
OK   base-c10-split/KeyedHashFunctions.eca (cli, 156 cmds)
OK   base-c10-split/TweakableHashFunctions.eca (cli, 84 cmds)
OK   base-c10-split/HashAddresses.eca (cli, 63 cmds)
OK   base-c10-split/RadixEncoding.ec (cli, 42 cmds)
OK   base-c10-split/WOTS_TW_ES.ec (cli, 2193 cmds)
OK   base-c10-split/FL_SL_XMSS_MT_ES.ec (cli, 679 cmds)
OK   base-c10-split/OpenPRE_From_TCR_DSPR_THF.eca (cli, 703 cmds)
OK   base-c10-split/FORS_ES.ec (cli, 2191 cmds)
OK   base-c10-split/SPHINCS_PLUS.ec (cli, 456 cmds)
OK   cdrafts-split/C10Counter.ec (cli, 57 cmds)
OK   cdrafts-split/C10Randomizer.ec (cli, 51 cmds)
OK   cdrafts-split/C10RawOracle.ec (cli, 65 cmds)
OK   cdrafts-split/C10Bytes.ec (cli, 67 cmds)
OK   cdrafts-split/Grind.ec (cli, 59 cmds)
OK   cdrafts-split/STCR_C.ec (cli, 37 cmds)
OK   cdrafts-split/WOTS_C_Real.ec (cli, 120 cmds)
OK   cdrafts-split/WOTS_C_Scheme.ec (cli, 41 cmds)
OK   cdrafts-split/WOTS_C_Reduction.ec (cli, 204 cmds)
OK   cdrafts-split/WOTS_C_Interactive.ec (cli, 744 cmds)
OK   cdrafts-split/XMSSMT_C_Scheme.ec (cli, 58 cmds)
FAIL cdrafts-split/XmssmtCC_All.ec (cli): 1944 diagnostic(s) -- compile accepted what cli rejects
       <tty>: line 3655 (0-57): cannot prove goal (strict)
       <tty>: line 3658 (18-49): nothing to rewrite
OK   cdrafts-split/RtopCSoundness.ec (cli, 673 cmds)
OK   cdrafts-split/FxChain.ec (cli, 1219 cmds)
OK   cdrafts-split/BoundedIID.ec (cli, 47 cmds)
OK   cdrafts-split/FORS_C10.ec (cli, 81 cmds)
OK   cdrafts-split/FORS_C10_Multi.ec (cli, 69 cmds)
OK   cdrafts-split/GprocFORSC10.ec (cli, 400 cmds)
OK   cdrafts-split/SphincsC10CapstoneWired.ec (cli, 102 cmds)
Traceback (most recent call last):
  File "/home/nicola/.local/state/pqsigner-research/easycrypt-closure-20260923-o4g9cwcr/candidate-forgery-partition/contracts/verification/scripts/run_easycrypt_split.py", line 33, in <module>
    subprocess.run(['docker', 'run', '--rm', '--init', '--network', 'none',
  File "/usr/lib/python3.12/subprocess.py", line 571, in run
    raise CalledProcessError(retcode, process.args,
subprocess.CalledProcessError: Command '['docker', 'run', '--rm', '--init', '--network', 'none', '--env', 'PQ_EASYCRYPT_IMAGE=ghcr.io/easycrypt/ec-test-box@sha256:bf1a13e73d7fe18fccdcc91d1532c1a5a17cfc3a6a2a34619248c4f2710d0bb3', '--volume', '/home/nicola/.local/state/pqsigner-research/easycrypt-closure-20260923-o4g9cwcr/candidate-forgery-partition/contracts/verification/easycrypt/c10-port:/source:ro', 'ghcr.io/easycrypt/ec-test-box@sha256:bf1a13e73d7fe18fccdcc91d1532c1a5a17cfc3a6a2a34619248c4f2710d0bb3', 'bash', '-lc', 'set -e; eval "$(opam env)"; cp -R /source /tmp/proofs; cd /tmp/proofs; bash cert_gate_split.sh']' returned non-zero exit status 143.
make: *** [Makefile:2226: verify-easycrypt-split] Error 1
make: Leaving directory '/home/nicola/.local/state/pqsigner-research/easycrypt-closure-20260923-o4g9cwcr/candidate-forgery-partition/contracts/verification'
