=== check_protocol_models --self-test (negative control) ===
  ok: clean `fw baseline` produced no failure (not always-firing)
  ok: `Install=>Install tautology (same count)` caught (fw_update_authenticity.pv: expected result `event(Install(m_N)) ==> even…)
  ok: `authenticity query flipped true->false` caught (fw_update_authenticity.pv: result `event(Install(m_N)) ==> event(Sign(m_…)
  ok: `cannot-be-proved residual` caught (fw_update_authenticity.pv: 1 cannot…)
  ok: `duplicated RESULT line (identity-absorbed)` caught (fw_update_authenticity.pv: raw RESULT-line count 3 != pinned 2…)
  ok: `nonzero exit 42 with expected banner` caught (proverif exited 42 (crash/parse error, NOT a verdict)…)
  ok: clean `zero exit` produced no failure (not always-firing)
  ok: clean `tamarin baseline` produced no failure (not always-firing)
  ok: `tamarin lemma falsified` caught (pin_lockstep.spthy: result `honest_boot_possible` verdict DRIFTED — expe…)
  ok: `tamarin lemma dropped` caught (pin_lockstep.spthy: expected result `full_reset_bypass` is MISSING (lost…)
  ok: clean `real seed_split_xor.spthy source` produced no failure (not always-firing)
  ok: `tamarin lemma gutted to "T" (same name+verdict)` caught (seed_split_xor.spthy: lemma `seed_secret_under_single_compromise` formul…)
  ok: clean `cryptoverif baseline` produced no failure (not always-firing)
  ok: `cryptoverif query deleted (banner still green)` caught (seed_split_secrecy.cv: expected result `secrecy of seed` is MISSING (los…)
  ok: `cryptoverif query unproved` caught (seed_split_secrecy.cv: result `secrecy of seed` verdict DRIFTED — expect…)
  ok: `cryptoverif failure then success` caught (duplicate CryptoVerif RESULT for 'secrecy of seed'…)
  ok: `cryptoverif success then failure` caught (duplicate CryptoVerif RESULT for 'secrecy of seed'…)
  ok: `cryptoverif duplicate success` caught (duplicate CryptoVerif RESULT for 'secrecy of seed'…)
  ok: `cryptoverif punctuation duplicate` caught (duplicate CryptoVerif RESULT for 'secrecy of seed'…)
  ok: `cryptoverif malformed result` caught (malformed CryptoVerif RESULT line: 'RESULT Unknown secrecy of seed'…)
  ok: `cryptoverif empty result` caught (malformed CryptoVerif RESULT line: 'RESULT Proved '…)
  ok: `cryptoverif indented result` caught (malformed CryptoVerif RESULT line: ' RESULT Proved secrecy of seed'…)
  ok: `cryptoverif unexpected query` caught (seed_split_secrecy.cv: UNEXPECTED result `secrecy of other` = True (new/…)
=== self-test PASS ===
