make: Entering directory '/home/nicola/.local/state/pqsigner-research/easycrypt-closure-20260923-o4g9cwcr/candidate-quantitative/contracts/verification'
/usr/bin/python3 -E -S -B scripts/run_easycrypt_split.py
OK EasyCrypt manual source binding: 148 inputs (not extraction)
   Compiling sphincs-c10 v0.1.0 (/home/nicola/.local/state/pqsigner-research/easycrypt-closure-20260923-o4g9cwcr/candidate-quantitative/sphincs-c10)
    Finished `test` profile [optimized + debuginfo] target(s) in 0.90s
     Running tests/easycrypt_transcript.rs (/home/nicola/.local/state/pqsigner-research/easycrypt-closure-20260923-o4g9cwcr/host-target/x86_64-unknown-linux-gnu/debug/deps/easycrypt_transcript-dcf76e94d34527c4)

running 4 tests
test concrete_hash_domains_match_easycrypt_layouts ... ok
test concrete_fors_and_hypertree_fields_match_lsb_model ... ok
test concrete_digits_match_easycrypt_bit_order_and_target ... ok
test concrete_digest_matches_easycrypt_byte_adapter ... ok

test result: ok. 4 passed; 0 failed; 0 ignored; 0 measured; 0 filtered out; finished in 0.00s

{"exit_code": 0, "seconds": 17.16, "keygen_cases": 5, "signature_cases": 20, "negative_cases": 160, "receipt": "/tmp/pq-easycrypt-fullsign-klysz7c4/evidence/result.json"}
FULLSIGN_MODEL_RECEIPT={
  "exit_code": 0,
  "seconds": 17.16,
  "rust_commit": "589c650000f9d443723201ce5333aba5f6a6d4b4",
  "rust_sources": {
    "address.rs": "84f5708f1dee711f9cf0dd11c14b8770618e3353f839329b24da6cca6e34ce00",
    "fors.rs": "3b64e07bc9c3a6c0e1db1d63da90c32ad34b26857dfe5767997df360b7713ed2",
    "hash.rs": "049a689c96ef9e14ce34030e71269292f3f6951b522cad88d56daa4466ade2c4",
    "hypertree.rs": "0541fe8f4b6f284d060c620e9aa38f02a9384e551f47577e85cd7f648ab14b7b",
    "lib.rs": "235b5db237d6133860fb7a9d36c2a89195700d8602806688aceb45b52fa0719f",
    "merkle.rs": "f787428b15cea6fb353eb3e1830f9f737067ce70a74e4d6b79113b83a1f3aed0",
    "near_miss.rs": "6fed92e4bbf9d13a43f0040335f3e7a4f3b3fd84fb49eba3db410f46a42512a3",
    "params.rs": "827bc33e6665125484d354f57f2aea1fbf4f1e7a64aa330801cdb72f311eb911",
    "shuffle.rs": "2f3e0b12351084599294c9ccdfa01d18d7e2130a2fa84bae177ef26cfdb470ad",
    "wots.rs": "e7ebe1d71591e68f6045383b041905ff17ad5822def35e77e11244ffdf49c56b"
  },
  "model_sources": {
    "RawKeygen.ec": "9f983fbb237129b0600ee1462429a722c53f86a5a74e25a0e508f16c1238174e",
    "RawFors.ec": "cea927f567b23443a0c0846493089f3651f1eb57a86daae508527b612741833e",
    "RawShuffle.ec": "2d8c14b922f4e85c7c2a1a8a4852a7622dbff8a87a3e6faf43ff6b13d5e3e639",
    "RawWots.ec": "b0510301eba5d387e3199d216bae2772f5e27480bdb3a23f037881c59138a558",
    "RawForest.ec": "76b40a69989b36c88ecc4d9e9fae197da65fee865ea2572be94f50f297fb2f10",
    "RawMerkle.ec": "c39af26b991ef2929dea669be1152fcb84dbcbf0f25dfb60c2d1290c183d1f6e",
    "RawLayer.ec": "3ebf8be154f55b07d3d8f10a3dd5e541b7d47714fa2997703c93201dce30dc96",
    "RawSigner.ec": "8b40da75596beb4a824890c8d5e3d58383f7f049c682815b476850a26c7b1650",
    "RawSignerCost.ec": "f6afec786f09e10a694fad65e8e0c36bdc8fa0e2f87a8d299617bf056dffeedd",
    "RawSignature.ec": "de0e9b611ea88e6aaa39e5b9d3931ff2cf611c20159eb69b42f53ae9b5bae03d",
    "RawDecode.ec": "bc0102dd6f42c3d6b2187439e961507bda5372a4a7c5c9a4887ee518a1fe09b4",
    "ByteSession.ec": "dc8e67b78f27c4412b34e636649de5cc162822ca9adc54f0a214a1229fa8e49b"
  },
  "harness_sources": {
    "src/main.rs": "5a9ba5d9985c68dd60751f2543f3ced31df6afe94096b539373a95e2d6d4faa9",
    "check.py": "fbc7bac09f2d7dd0026dde7741b8be70bd2966f59a875f1d51bec7507298b2b6",
    "Cargo.toml": "4a7ab9c9e96b752b88a40c77507fce791818733ac059dc0cb6a2af1051826617",
    "Cargo.lock": "841066878fb7673836172817b5b7d756fc98505adf976fdde7465eea4e8b2ea8"
  },
  "keygen_cases": 5,
  "signatures": [
    {
      "case": 0,
      "run": 0,
      "signature_sha256": "2602ecec7c5a549e503aea9f79f255bbfc482a8c064d22d90e9604796332833d",
      "hook_calls": 504865,
      "software_shuffle_calls": 0,
      "total_calls": 504865,
      "r_calls": 37,
      "hmsg_calls": 37,
      "verify_calls": 361
    },
    {
      "case": 0,
      "run": 1,
      "signature_sha256": "4910ada38e9c69241e083156e239fbc4c9b460f51fb2fe66a312b9def1d6ccda",
      "hook_calls": 494414,
      "software_shuffle_calls": 0,
      "total_calls": 494414,
      "r_calls": 3761,
      "hmsg_calls": 3761,
      "verify_calls": 361
    },
    {
      "case": 0,
      "run": 2,
      "signature_sha256": "2602ecec7c5a549e503aea9f79f255bbfc482a8c064d22d90e9604796332833d",
      "hook_calls": 504865,
      "software_shuffle_calls": 15,
      "total_calls": 504880,
      "r_calls": 37,
      "hmsg_calls": 37,
      "verify_calls": 361
    },
    {
      "case": 0,
      "run": 3,
      "signature_sha256": "4910ada38e9c69241e083156e239fbc4c9b460f51fb2fe66a312b9def1d6ccda",
      "hook_calls": 494414,
      "software_shuffle_calls": 15,
      "total_calls": 494429,
      "r_calls": 3761,
      "hmsg_calls": 3761,
      "verify_calls": 361
    },
    {
      "case": 1,
      "run": 0,
      "signature_sha256": "b73dafc935bfb9cf6eacf605eec0f9b34e9765732b3186933df29a4eec7c3b4a",
      "hook_calls": 502175,
      "software_shuffle_calls": 0,
      "total_calls": 502175,
      "r_calls": 4324,
      "hmsg_calls": 4324,
      "verify_calls": 361
    },
    {
      "case": 1,
      "run": 1,
      "signature_sha256": "2795a6500d01285cef1925df26ce61a78c7f91648d995a83b4df01fbae958d77",
      "hook_calls": 491482,
      "software_shuffle_calls": 0,
      "total_calls": 491482,
      "r_calls": 3821,
      "hmsg_calls": 3821,
      "verify_calls": 361
    },
    {
      "case": 1,
      "run": 2,
      "signature_sha256": "b73dafc935bfb9cf6eacf605eec0f9b34e9765732b3186933df29a4eec7c3b4a",
      "hook_calls": 502175,
      "software_shuffle_calls": 15,
      "total_calls": 502190,
      "r_calls": 4324,
      "hmsg_calls": 4324,
      "verify_calls": 361
    },
    {
      "case": 1,
      "run": 3,
      "signature_sha256": "2795a6500d01285cef1925df26ce61a78c7f91648d995a83b4df01fbae958d77",
      "hook_calls": 491482,
      "software_shuffle_calls": 15,
      "total_calls": 491497,
      "r_calls": 3821,
      "hmsg_calls": 3821,
      "verify_calls": 361
    },
    {
      "case": 2,
      "run": 0,
      "signature_sha256": "3c05ae14f1f3f0607dca264cbc86c61cdfccaaf08657a25afa7d7baa22126424",
      "hook_calls": 453988,
      "software_shuffle_calls": 0,
      "total_calls": 453988,
      "r_calls": 605,
      "hmsg_calls": 605,
      "verify_calls": 361
    },
    {
      "case": 2,
      "run": 1,
      "signature_sha256": "464933309528ac24e6bfa623d9e6d8836e09684c2d071276f6d4e99b56a00c67",
      "hook_calls": 498094,
      "software_shuffle_calls": 0,
      "total_calls": 498094,
      "r_calls": 649,
      "hmsg_calls": 649,
      "verify_calls": 361
    },
    {
      "case": 2,
      "run": 2,
      "signature_sha256": "3c05ae14f1f3f0607dca264cbc86c61cdfccaaf08657a25afa7d7baa22126424",
      "hook_calls": 453988,
      "software_shuffle_calls": 15,
      "total_calls": 454003,
      "r_calls": 605,
      "hmsg_calls": 605,
      "verify_calls": 361
    },
    {
      "case": 2,
      "run": 3,
      "signature_sha256": "464933309528ac24e6bfa623d9e6d8836e09684c2d071276f6d4e99b56a00c67",
      "hook_calls": 498094,
      "software_shuffle_calls": 15,
      "total_calls": 498109,
      "r_calls": 649,
      "hmsg_calls": 649,
      "verify_calls": 361
    },
    {
      "case": 3,
      "run": 0,
      "signature_sha256": "2daa2fbb3fe840a1d468ee7f3c770e537a51a4adf59047114c71bdfe77aa89c3",
      "hook_calls": 538014,
      "software_shuffle_calls": 0,
      "total_calls": 538014,
      "r_calls": 3492,
      "hmsg_calls": 3492,
      "verify_calls": 361
    },
    {
      "case": 3,
      "run": 1,
      "signature_sha256": "6b85806aff4468fa97be33d7fb6834695f9841b4e6ba2c405e6bce088c89063f",
      "hook_calls": 476853,
      "software_shuffle_calls": 0,
      "total_calls": 476853,
      "r_calls": 3564,
      "hmsg_calls": 3564,
      "verify_calls": 361
    },
    {
      "case": 3,
      "run": 2,
      "signature_sha256": "2daa2fbb3fe840a1d468ee7f3c770e537a51a4adf59047114c71bdfe77aa89c3",
      "hook_calls": 538014,
      "software_shuffle_calls": 15,
      "total_calls": 538029,
      "r_calls": 3492,
      "hmsg_calls": 3492,
      "verify_calls": 361
    },
    {
      "case": 3,
      "run": 3,
      "signature_sha256": "6b85806aff4468fa97be33d7fb6834695f9841b4e6ba2c405e6bce088c89063f",
      "hook_calls": 476853,
      "software_shuffle_calls": 15,
      "total_calls": 476868,
      "r_calls": 3564,
      "hmsg_calls": 3564,
      "verify_calls": 361
    },
    {
      "case": 4,
      "run": 0,
      "signature_sha256": "cffc4e2b9ff7be0014c0a8d7b1ae1cd74d49e3de03cd46571dc8f2864cb113ea",
      "hook_calls": 479192,
      "software_shuffle_calls": 0,
      "total_calls": 479192,
      "r_calls": 2162,
      "hmsg_calls": 2162,
      "verify_calls": 361
    },
    {
      "case": 4,
      "run": 1,
      "signature_sha256": "2f424f2ba20b7b5b2bbeaa0d0fa719ec5a2f0416348c42818035c5f545c61a10",
      "hook_calls": 480852,
      "software_shuffle_calls": 0,
      "total_calls": 480852,
      "r_calls": 359,
      "hmsg_calls": 359,
      "verify_calls": 361
    },
    {
      "case": 4,
      "run": 2,
      "signature_sha256": "cffc4e2b9ff7be0014c0a8d7b1ae1cd74d49e3de03cd46571dc8f2864cb113ea",
      "hook_calls": 479192,
      "software_shuffle_calls": 15,
      "total_calls": 479207,
      "r_calls": 2162,
      "hmsg_calls": 2162,
      "verify_calls": 361
    },
    {
      "case": 4,
      "run": 3,
      "signature_sha256": "2f424f2ba20b7b5b2bbeaa0d0fa719ec5a2f0416348c42818035c5f545c61a10",
      "hook_calls": 480852,
      "software_shuffle_calls": 15,
      "total_calls": 480867,
      "r_calls": 359,
      "hmsg_calls": 359,
      "verify_calls": 361
    }
  ],
  "negative_verifications": [
    {
      "case": 0,
      "run": 0,
      "position": -1,
      "accepted": false,
      "verify_calls": 1
    },
    {
      "case": 0,
      "run": 0,
      "position": 0,
      "accepted": false,
      "verify_calls": 1
    },
    {
      "case": 0,
      "run": 0,
      "position": 16,
      "accepted": false,
      "verify_calls": 167
    },
    {
      "case": 0,
      "run": 0,
      "position": 224,
      "accepted": false,
      "verify_calls": 167
    },
    {
      "case": 0,
      "run": 0,
      "position": 2336,
      "accepted": false,
      "verify_calls": 264
    },
    {
      "case": 0,
      "run": 0,
      "position": 3024,
      "accepted": false,
      "verify_calls": 167
    },
    {
      "case": 0,
      "run": 0,
      "position": 3028,
      "accepted": false,
      "verify_calls": 264
    },
    {
      "case": 0,
      "run": 0,
      "position": 4007,
      "accepted": false,
      "verify_calls": 361
    },
    {
      "case": 0,
      "run": 1,
      "position": -1,
      "accepted": false,
      "verify_calls": 1
    },
    {
      "case": 0,
      "run": 1,
      "position": 0,
      "accepted": false,
      "verify_calls": 1
    },
    {
      "case": 0,
      "run": 1,
      "position": 16,
      "accepted": false,
      "verify_calls": 167
    },
    {
      "case": 0,
      "run": 1,
      "position": 224,
      "accepted": false,
      "verify_calls": 167
    },
    {
      "case": 0,
      "run": 1,
      "position": 2336,
      "accepted": false,
      "verify_calls": 264
    },
    {
      "case": 0,
      "run": 1,
      "position": 3024,
      "accepted": false,
      "verify_calls": 167
    },
    {
      "case": 0,
      "run": 1,
      "position": 3028,
      "accepted": false,
      "verify_calls": 264
    },
    {
      "case": 0,
      "run": 1,
      "position": 4007,
      "accepted": false,
      "verify_calls": 361
    },
    {
      "case": 0,
      "run": 2,
      "position": -1,
      "accepted": false,
      "verify_calls": 1
    },
    {
      "case": 0,
      "run": 2,
      "position": 0,
      "accepted": false,
      "verify_calls": 1
    },
    {
      "case": 0,
      "run": 2,
      "position": 16,
      "accepted": false,
      "verify_calls": 167
    },
    {
      "case": 0,
      "run": 2,
      "position": 224,
      "accepted": false,
      "verify_calls": 167
    },
    {
      "case": 0,
      "run": 2,
      "position": 2336,
      "accepted": false,
      "verify_calls": 264
    },
    {
      "case": 0,
      "run": 2,
      "position": 3024,
      "accepted": false,
      "verify_calls": 167
    },
    {
      "case": 0,
      "run": 2,
      "position": 3028,
      "accepted": false,
      "verify_calls": 264
    },
    {
      "case": 0,
      "run": 2,
      "position": 4007,
      "accepted": false,
      "verify_calls": 361
    },
    {
      "case": 0,
      "run": 3,
      "position": -1,
      "accepted": false,
      "verify_calls": 1
    },
    {
      "case": 0,
      "run": 3,
      "position": 0,
      "accepted": false,
      "verify_calls": 1
    },
    {
      "case": 0,
      "run": 3,
      "position": 16,
      "accepted": false,
      "verify_calls": 167
    },
    {
      "case": 0,
      "run": 3,
      "position": 224,
      "accepted": false,
      "verify_calls": 167
    },
    {
      "case": 0,
      "run": 3,
      "position": 2336,
      "accepted": false,
      "verify_calls": 264
    },
    {
      "case": 0,
      "run": 3,
      "position": 3024,
      "accepted": false,
      "verify_calls": 167
    },
    {
      "case": 0,
      "run": 3,
      "position": 3028,
      "accepted": false,
      "verify_calls": 264
    },
    {
      "case": 0,
      "run": 3,
      "position": 4007,
      "accepted": false,
      "verify_calls": 361
    },
    {
      "case": 1,
      "run": 0,
      "position": -1,
      "accepted": false,
      "verify_calls": 1
    },
    {
      "case": 1,
      "run": 0,
      "position": 0,
      "accepted": false,
      "verify_calls": 1
    },
    {
      "case": 1,
      "run": 0,
      "position": 16,
      "accepted": false,
      "verify_calls": 167
    },
    {
      "case": 1,
      "run": 0,
      "position": 224,
      "accepted": false,
      "verify_calls": 167
    },
    {
      "case": 1,
      "run": 0,
      "position": 2336,
      "accepted": false,
      "verify_calls": 264
    },
    {
      "case": 1,
      "run": 0,
      "position": 3024,
      "accepted": false,
      "verify_calls": 167
    },
    {
      "case": 1,
      "run": 0,
      "position": 3028,
      "accepted": false,
      "verify_calls": 264
    },
    {
      "case": 1,
      "run": 0,
      "position": 4007,
      "accepted": false,
      "verify_calls": 361
    },
    {
      "case": 1,
      "run": 1,
      "position": -1,
      "accepted": false,
      "verify_calls": 1
    },
    {
      "case": 1,
      "run": 1,
      "position": 0,
      "accepted": false,
      "verify_calls": 1
    },
    {
      "case": 1,
      "run": 1,
      "position": 16,
      "accepted": false,
      "verify_calls": 167
    },
    {
      "case": 1,
      "run": 1,
      "position": 224,
      "accepted": false,
      "verify_calls": 167
    },
    {
      "case": 1,
      "run": 1,
      "position": 2336,
      "accepted": false,
      "verify_calls": 264
    },
    {
      "case": 1,
      "run": 1,
      "position": 3024,
      "accepted": false,
      "verify_calls": 167
    },
    {
      "case": 1,
      "run": 1,
      "position": 3028,
      "accepted": false,
      "verify_calls": 264
    },
    {
      "case": 1,
      "run": 1,
      "position": 4007,
      "accepted": false,
      "verify_calls": 361
    },
    {
      "case": 1,
      "run": 2,
      "position": -1,
      "accepted": false,
      "verify_calls": 1
    },
    {
      "case": 1,
      "run": 2,
      "position": 0,
      "accepted": false,
      "verify_calls": 1
    },
    {
      "case": 1,
      "run": 2,
      "position": 16,
      "accepted": false,
      "verify_calls": 167
    },
    {
      "case": 1,
      "run": 2,
      "position": 224,
      "accepted": false,
      "verify_calls": 167
    },
    {
      "case": 1,
      "run": 2,
      "position": 2336,
      "accepted": false,
      "verify_calls": 264
    },
    {
      "case": 1,
      "run": 2,
      "position": 3024,
      "accepted": false,
      "verify_calls": 167
    },
    {
      "case": 1,
      "run": 2,
      "position": 3028,
      "accepted": false,
      "verify_calls": 264
    },
    {
      "case": 1,
      "run": 2,
      "position": 4007,
      "accepted": false,
      "verify_calls": 361
    },
    {
      "case": 1,
      "run": 3,
      "position": -1,
      "accepted": false,
      "verify_calls": 1
    },
    {
      "case": 1,
      "run": 3,
      "position": 0,
      "accepted": false,
      "verify_calls": 1
    },
    {
      "case": 1,
      "run": 3,
      "position": 16,
      "accepted": false,
      "verify_calls": 167
    },
    {
      "case": 1,
      "run": 3,
      "position": 224,
      "accepted": false,
      "verify_calls": 167
    },
    {
      "case": 1,
      "run": 3,
      "position": 2336,
      "accepted": false,
      "verify_calls": 264
    },
    {
      "case": 1,
      "run": 3,
      "position": 3024,
      "accepted": false,
      "verify_calls": 167
    },
    {
      "case": 1,
      "run": 3,
      "position": 3028,
      "accepted": false,
      "verify_calls": 264
    },
    {
      "case": 1,
      "run": 3,
      "position": 4007,
      "accepted": false,
      "verify_calls": 361
    },
    {
      "case": 2,
      "run": 0,
      "position": -1,
      "accepted": false,
      "verify_calls": 1
    },
    {
      "case": 2,
      "run": 0,
      "position": 0,
      "accepted": false,
      "verify_calls": 1
    },
    {
      "case": 2,
      "run": 0,
      "position": 16,
      "accepted": false,
      "verify_calls": 167
    },
    {
      "case": 2,
      "run": 0,
      "position": 224,
      "accepted": false,
      "verify_calls": 167
    },
    {
      "case": 2,
      "run": 0,
      "position": 2336,
      "accepted": false,
      "verify_calls": 264
    },
    {
      "case": 2,
      "run": 0,
      "position": 3024,
      "accepted": false,
      "verify_calls": 167
    },
    {
      "case": 2,
      "run": 0,
      "position": 3028,
      "accepted": false,
      "verify_calls": 264
    },
    {
      "case": 2,
      "run": 0,
      "position": 4007,
      "accepted": false,
      "verify_calls": 361
    },
    {
      "case": 2,
      "run": 1,
      "position": -1,
      "accepted": false,
      "verify_calls": 1
    },
    {
      "case": 2,
      "run": 1,
      "position": 0,
      "accepted": false,
      "verify_calls": 1
    },
    {
      "case": 2,
      "run": 1,
      "position": 16,
      "accepted": false,
      "verify_calls": 167
    },
    {
      "case": 2,
      "run": 1,
      "position": 224,
      "accepted": false,
      "verify_calls": 167
    },
    {
      "case": 2,
      "run": 1,
      "position": 2336,
      "accepted": false,
      "verify_calls": 264
    },
    {
      "case": 2,
      "run": 1,
      "position": 3024,
      "accepted": false,
      "verify_calls": 167
    },
    {
      "case": 2,
      "run": 1,
      "position": 3028,
      "accepted": false,
      "verify_calls": 264
    },
    {
      "case": 2,
      "run": 1,
      "position": 4007,
      "accepted": false,
      "verify_calls": 361
    },
    {
      "case": 2,
      "run": 2,
      "position": -1,
      "accepted": false,
      "verify_calls": 1
    },
    {
      "case": 2,
      "run": 2,
      "position": 0,
      "accepted": false,
      "verify_calls": 1
    },
    {
      "case": 2,
      "run": 2,
      "position": 16,
      "accepted": false,
      "verify_calls": 167
    },
    {
      "case": 2,
      "run": 2,
      "position": 224,
      "accepted": false,
      "verify_calls": 167
    },
    {
      "case": 2,
      "run": 2,
      "position": 2336,
      "accepted": false,
      "verify_calls": 264
    },
    {
      "case": 2,
      "run": 2,
      "position": 3024,
      "accepted": false,
      "verify_calls": 167
    },
    {
      "case": 2,
      "run": 2,
      "position": 3028,
      "accepted": false,
      "verify_calls": 264
    },
    {
      "case": 2,
      "run": 2,
      "position": 4007,
      "accepted": false,
      "verify_calls": 361
    },
    {
      "case": 2,
      "run": 3,
      "position": -1,
      "accepted": false,
      "verify_calls": 1
    },
    {
      "case": 2,
      "run": 3,
      "position": 0,
      "accepted": false,
      "verify_calls": 1
    },
    {
      "case": 2,
      "run": 3,
      "position": 16,
      "accepted": false,
      "verify_calls": 167
    },
    {
      "case": 2,
      "run": 3,
      "position": 224,
      "accepted": false,
      "verify_calls": 167
    },
    {
      "case": 2,
      "run": 3,
      "position": 2336,
      "accepted": false,
      "verify_calls": 264
    },
    {
      "case": 2,
      "run": 3,
      "position": 3024,
      "accepted": false,
      "verify_calls": 167
    },
    {
      "case": 2,
      "run": 3,
      "position": 3028,
      "accepted": false,
      "verify_calls": 264
    },
    {
      "case": 2,
      "run": 3,
      "position": 4007,
      "accepted": false,
      "verify_calls": 361
    },
    {
      "case": 3,
      "run": 0,
      "position": -1,
      "accepted": false,
      "verify_calls": 1
    },
    {
      "case": 3,
      "run": 0,
      "position": 0,
      "accepted": false,
      "verify_calls": 1
    },
    {
      "case": 3,
      "run": 0,
      "position": 16,
      "accepted": false,
      "verify_calls": 167
    },
    {
      "case": 3,
      "run": 0,
      "position": 224,
      "accepted": false,
      "verify_calls": 167
    },
    {
      "case": 3,
      "run": 0,
      "position": 2336,
      "accepted": false,
      "verify_calls": 264
    },
    {
      "case": 3,
      "run": 0,
      "position": 3024,
      "accepted": false,
      "verify_calls": 167
    },
    {
      "case": 3,
      "run": 0,
      "position": 3028,
      "accepted": false,
      "verify_calls": 264
    },
    {
      "case": 3,
      "run": 0,
      "position": 4007,
      "accepted": false,
      "verify_calls": 361
    },
    {
      "case": 3,
      "run": 1,
      "position": -1,
      "accepted": false,
      "verify_calls": 1
    },
    {
      "case": 3,
      "run": 1,
      "position": 0,
      "accepted": false,
      "verify_calls": 1
    },
    {
      "case": 3,
      "run": 1,
      "position": 16,
      "accepted": false,
      "verify_calls": 167
    },
    {
      "case": 3,
      "run": 1,
      "position": 224,
      "accepted": false,
      "verify_calls": 167
    },
    {
      "case": 3,
      "run": 1,
      "position": 2336,
      "accepted": false,
      "verify_calls": 264
    },
    {
      "case": 3,
      "run": 1,
      "position": 3024,
      "accepted": false,
      "verify_calls": 167
    },
    {
      "case": 3,
      "run": 1,
      "position": 3028,
      "accepted": false,
      "verify_calls": 264
    },
    {
      "case": 3,
      "run": 1,
      "position": 4007,
      "accepted": false,
      "verify_calls": 361
    },
    {
      "case": 3,
      "run": 2,
      "position": -1,
      "accepted": false,
      "verify_calls": 1
    },
    {
      "case": 3,
      "run": 2,
      "position": 0,
      "accepted": false,
      "verify_calls": 1
    },
    {
      "case": 3,
      "run": 2,
      "position": 16,
      "accepted": false,
      "verify_calls": 167
    },
    {
      "case": 3,
      "run": 2,
      "position": 224,
      "accepted": false,
      "verify_calls": 167
    },
    {
      "case": 3,
      "run": 2,
      "position": 2336,
      "accepted": false,
      "verify_calls": 264
    },
    {
      "case": 3,
      "run": 2,
      "position": 3024,
      "accepted": false,
      "verify_calls": 167
    },
    {
      "case": 3,
      "run": 2,
      "position": 3028,
      "accepted": false,
      "verify_calls": 264
    },
    {
      "case": 3,
      "run": 2,
      "position": 4007,
      "accepted": false,
      "verify_calls": 361
    },
    {
      "case": 3,
      "run": 3,
      "position": -1,
      "accepted": false,
      "verify_calls": 1
    },
    {
      "case": 3,
      "run": 3,
      "position": 0,
      "accepted": false,
      "verify_calls": 1
    },
    {
      "case": 3,
      "run": 3,
      "position": 16,
      "accepted": false,
      "verify_calls": 167
    },
    {
      "case": 3,
      "run": 3,
      "position": 224,
      "accepted": false,
      "verify_calls": 167
    },
    {
      "case": 3,
      "run": 3,
      "position": 2336,
      "accepted": false,
      "verify_calls": 264
    },
    {
      "case": 3,
      "run": 3,
      "position": 3024,
      "accepted": false,
      "verify_calls": 167
    },
    {
      "case": 3,
      "run": 3,
      "position": 3028,
      "accepted": false,
      "verify_calls": 264
    },
    {
      "case": 3,
      "run": 3,
      "position": 4007,
      "accepted": false,
      "verify_calls": 361
    },
    {
      "case": 4,
      "run": 0,
      "position": -1,
      "accepted": false,
      "verify_calls": 1
    },
    {
      "case": 4,
      "run": 0,
      "position": 0,
      "accepted": false,
      "verify_calls": 1
    },
    {
      "case": 4,
      "run": 0,
      "position": 16,
      "accepted": false,
      "verify_calls": 167
    },
    {
      "case": 4,
      "run": 0,
      "position": 224,
      "accepted": false,
      "verify_calls": 167
    },
    {
      "case": 4,
      "run": 0,
      "position": 2336,
      "accepted": false,
      "verify_calls": 264
    },
    {
      "case": 4,
      "run": 0,
      "position": 3024,
      "accepted": false,
      "verify_calls": 167
    },
    {
      "case": 4,
      "run": 0,
      "position": 3028,
      "accepted": false,
      "verify_calls": 264
    },
    {
      "case": 4,
      "run": 0,
      "position": 4007,
      "accepted": false,
      "verify_calls": 361
    },
    {
      "case": 4,
      "run": 1,
      "position": -1,
      "accepted": false,
      "verify_calls": 1
    },
    {
      "case": 4,
      "run": 1,
      "position": 0,
      "accepted": false,
      "verify_calls": 1
    },
    {
      "case": 4,
      "run": 1,
      "position": 16,
      "accepted": false,
      "verify_calls": 167
    },
    {
      "case": 4,
      "run": 1,
      "position": 224,
      "accepted": false,
      "verify_calls": 167
    },
    {
      "case": 4,
      "run": 1,
      "position": 2336,
      "accepted": false,
      "verify_calls": 264
    },
    {
      "case": 4,
      "run": 1,
      "position": 3024,
      "accepted": false,
      "verify_calls": 167
    },
    {
      "case": 4,
      "run": 1,
      "position": 3028,
      "accepted": false,
      "verify_calls": 264
    },
    {
      "case": 4,
      "run": 1,
      "position": 4007,
      "accepted": false,
      "verify_calls": 361
    },
    {
      "case": 4,
      "run": 2,
      "position": -1,
      "accepted": false,
      "verify_calls": 1
    },
    {
      "case": 4,
      "run": 2,
      "position": 0,
      "accepted": false,
      "verify_calls": 1
    },
    {
      "case": 4,
      "run": 2,
      "position": 16,
      "accepted": false,
      "verify_calls": 167
    },
    {
      "case": 4,
      "run": 2,
      "position": 224,
      "accepted": false,
      "verify_calls": 167
    },
    {
      "case": 4,
      "run": 2,
      "position": 2336,
      "accepted": false,
      "verify_calls": 264
    },
    {
      "case": 4,
      "run": 2,
      "position": 3024,
      "accepted": false,
      "verify_calls": 167
    },
    {
      "case": 4,
      "run": 2,
      "position": 3028,
      "accepted": false,
      "verify_calls": 264
    },
    {
      "case": 4,
      "run": 2,
      "position": 4007,
      "accepted": false,
      "verify_calls": 361
    },
    {
      "case": 4,
      "run": 3,
      "position": -1,
      "accepted": false,
      "verify_calls": 1
    },
    {
      "case": 4,
      "run": 3,
      "position": 0,
      "accepted": false,
      "verify_calls": 1
    },
    {
      "case": 4,
      "run": 3,
      "position": 16,
      "accepted": false,
      "verify_calls": 167
    },
    {
      "case": 4,
      "run": 3,
      "position": 224,
      "accepted": false,
      "verify_calls": 167
    },
    {
      "case": 4,
      "run": 3,
      "position": 2336,
      "accepted": false,
      "verify_calls": 264
    },
    {
      "case": 4,
      "run": 3,
      "position": 3024,
      "accepted": false,
      "verify_calls": 167
    },
    {
      "case": 4,
      "run": 3,
      "position": 3028,
      "accepted": false,
      "verify_calls": 264
    },
    {
      "case": 4,
      "run": 3,
      "position": 4007,
      "accepted": false,
      "verify_calls": 361
    }
  ],
  "scope": "Manual byte/call correspondence for public fixtures; software shuffle SHA calls counted separately from Rust hooks. No extraction or probability/security theorem."
}

### INPUTS_SHA256 a7a6c66a5d9630e834ef2de251877aa4
OK   INPUTS_SHA256 matches the committed identity
OK   coverage: all 1750 top-level statements across 184 CONE files are pinned (roots 87 + transitively required)
OK   quarantine intact: 24 declarations, 3 require lines, sealed leaf, no inbound requires, no magnitude leakage
OK   taint containment: closure = 2 lemmas, none of the 22 headline results is in it (name-level, NOT a soundness proof -- see the tool header)
OK   scope-probe linkage: 18 headline files <-> 18 registered scope probes (exact bijection)
OK unique statement pins: 2003
OK split static contract: 184 files; proof execution not performed
OK toolchain: r2026.02, 25 pinned prover configurations
### IMAGE ghcr.io/easycrypt/ec-test-box@sha256:bf1a13e73d7fe18fccdcc91d1532c1a5a17cfc3a6a2a34619248c4f2710d0bb3
OK proof controls: direct dependency failure / import acceptance / open-proof rejection / abstract require and EOF
OK   no dual-extension theory names on the include path
### ECO_PURGED=0
### ECO_REMAINING=0
### PHASE 1 — TARGETS
OK   target base-c10-split/BinaryTrees.ec
OK   target base-c10-split/MerkleTrees.ec
OK   target base-c10-split/KeyedHashFunctions.eca
OK   target base-c10-split/TweakableHashFunctions.eca
OK   target base-c10-split/HashAddresses.eca
OK   target base-c10-split/RadixEncoding.ec
OK   target base-c10-split/WOTS_TW_ES.ec
OK   target base-c10-split/FL_SL_XMSS_MT_ES.ec
OK   target base-c10-split/OpenPRE_From_TCR_DSPR_THF.eca
OK   target base-c10-split/FORS_ES.ec
OK   target base-c10-split/SPHINCS_PLUS.ec
OK   target cdrafts-split/C10Counter.ec
OK   target cdrafts-split/C10Randomizer.ec
OK   target cdrafts-split/C10RawOracle.ec
OK   target cdrafts-split/C10Bytes.ec
OK   target cdrafts-split/Grind.ec
OK   target cdrafts-split/STCR_C.ec
OK   target cdrafts-split/WOTS_C_Real.ec
OK   target cdrafts-split/WOTS_C_Scheme.ec
OK   target cdrafts-split/WOTS_C_Reduction.ec
OK   target cdrafts-split/WOTS_C_Interactive.ec
OK   target cdrafts-split/XMSSMT_C_Scheme.ec
OK   target cdrafts-split/XmssmtCC_All.ec
OK   target cdrafts-split/RtopCSoundness.ec
OK   target cdrafts-split/FxChain.ec
OK   target cdrafts-split/BoundedIID.ec
OK   target cdrafts-split/FORS_C10.ec
OK   target cdrafts-split/FORS_C10_Multi.ec
OK   target cdrafts-split/GprocFORSC10.ec
OK   target cdrafts-split/SphincsC10CapstoneWired.ec
OK   target cdrafts-split/SphincsC10Content.ec
OK   target cdrafts-split/C10DeployedInstance.ec
OK   target cdrafts-split/C10HashDomains.ec
OK   target cdrafts-split/C10RawGrind.ec
OK   target cdrafts-split/SecretPrefix.ec
OK   target cdrafts-split/PrefixGuess.ec
OK   target cdrafts-split/PrefixHybrid.ec
OK   target cdrafts-split/RoleGrind.ec
OK   target cdrafts-split/GrindReplay.ec
OK   target cdrafts-split/GrindWitness.ec
OK   target cdrafts-split/PersistentGrind.ec
OK   target cdrafts-split/RTailFresh.ec
OK   target cdrafts-split/IdealWitness.ec
OK   target cdrafts-split/RawRHistory.ec
OK   target cdrafts-split/RawTrial.ec
OK   target cdrafts-split/RTailMessages.ec
OK   target cdrafts-split/RTailContexts.ec
OK   target cdrafts-split/FORSC10Digest.ec
OK   target cdrafts-split/GrindTail.ec
OK   target cdrafts-split/StreamBound.ec
OK   target cdrafts-split/TrialExpectation.ec
OK   target cdrafts-split/StreamExpectation.ec
OK   target cdrafts-split/GrindExhaustion.ec
OK   target cdrafts-split/ExhaustionCharges.ec
OK   target cdrafts-split/ContextExhaustion.ec
OK   target cdrafts-split/AcceptedContexts.ec
OK   target cdrafts-split/DigestPrefix.ec
OK   target cdrafts-split/FreshCoverage.ec
OK   target cdrafts-split/AcceptedSampling.ec
OK   target cdrafts-split/TrialAccepted.ec
OK   target cdrafts-split/StreamAccepted.ec
OK   target cdrafts-split/AcceptedCoverage.ec
OK   target cdrafts-split/DigestWindow.ec
OK   target cdrafts-split/AcceptedHypertree.ec
OK   target cdrafts-split/PrefixAudit.ec
OK   target cdrafts-split/PrefixGames.ec
OK   target cdrafts-split/PrefixBound.ec
OK   target cdrafts-split/PrefixIdeal.ec
OK   target cdrafts-split/AuditPrefix.ec
OK   target cdrafts-split/AuditComplete.ec
OK   target cdrafts-split/BadEncCountermodel.ec
OK   target cdrafts-split/TCollResEnum.ec
OK   target cdrafts-split/BadEncSplit.ec
OK   target cdrafts-split/BadEncToTColl.ec
OK   target cdrafts-split/BadEncStep4.ec
OK   target cdrafts-split/KeygenPrefixes.ec
OK   target cdrafts-split/RoleGrindCost.ec
OK   target cdrafts-split/PreparedGrind.ec
OK   target cdrafts-split/PreparedHistory.ec
OK   target cdrafts-split/PreparedExhaustion.ec
OK   target cdrafts-split/PreparedRaw.ec
OK   target cdrafts-split/RawKeygen.ec
OK   target cdrafts-split/RawKeygenCost.ec
OK   target cdrafts-split/KeygenExhaustion.ec
OK   target cdrafts-split/RawFors.ec
OK   target cdrafts-split/PhysicalKeygenCost.ec
OK   target cdrafts-split/RawShuffle.ec
OK   target cdrafts-split/RawForest.ec
OK   target cdrafts-split/RawWots.ec
OK   target cdrafts-split/RawMerkle.ec
OK   target cdrafts-split/RawLayer.ec
OK   target cdrafts-split/RawSigner.ec
OK   target cdrafts-split/RawSignature.ec
OK   target cdrafts-split/FullSession.ec
OK   target cdrafts-split/RawForsCost.ec
OK   target cdrafts-split/RawForestCost.ec
OK   target cdrafts-split/RawWotsCost.ec
OK   target cdrafts-split/RawMerkleCost.ec
OK   target cdrafts-split/RawLayerCost.ec
OK   target cdrafts-split/RawSignerCost.ec
OK   target cdrafts-split/FullSessionCost.ec
OK   target cdrafts-split/PrefixState.ec
OK   target cdrafts-split/FullPrefix.ec
OK   target cdrafts-split/RawCodec.ec
OK   target cdrafts-split/RawSlices.ec
OK   target cdrafts-split/RawDecode.ec
OK   target cdrafts-split/ByteSession.ec
OK   target cdrafts-split/ByteBound.ec
OK   target cdrafts-split/ByteAudit.ec
OK   target cdrafts-split/DigestCoordinates.ec
OK   target cdrafts-split/ByteReplay.ec
OK   target cdrafts-split/C10BoundedGrind.ec
OK   target cdrafts-split/C10BoundedSigning.ec
OK   target cdrafts-split/C10WOTSCorrect.ec
OK   target cdrafts-split/C10BoundedHypertree.ec
OK   target cdrafts-split/C10HypertreeCoverage.ec
OK   target cdrafts-split/C10HypertreeCorrect.ec
OK   target cdrafts-split/C10BoundedGame.ec
OK   target cdrafts-split/GFailCharged.ec
OK   target cdrafts-split/C10BoundedMA.ec
OK   target cdrafts-split/C10CubeCorrect.ec
OK   target cdrafts-split/C10CubeConstruction.ec
OK   target cdrafts-split/C10ReductionChoose.ec
OK   target cdrafts-split/C10ReductionForge.ec
OK   target cdrafts-split/C10AcceptedReduction.ec
OK   target cdrafts-split/VecDP.ec
OK   target cdrafts-split/CountDS.ec
OK   target cdrafts-split/C10DigitUniform.ec
OK   target cdrafts-split/C10SurfaceKernel.ec
OK   target cdrafts-split/C10Surface.ec
OK   target cdrafts-split/C10Encoding.ec
OK   target cdrafts-split/C10BoundedIID.ec
OK   target cdrafts-split/C10BoundedLeaf.ec
OK   target cdrafts-split/C10BoundedReduction.ec
OK   target cdrafts-split/C10DeployedCapstone.ec
OK   target cdrafts-split/C10DeployedGeometry.ec
OK   target cdrafts-split/C10DeployedScope.ec
OK   target cdrafts-split/C10HypertreeAccepted.ec
OK   target cdrafts-split/XmssmtCCCharged.ec
OK   target cdrafts-split/C10HypertreeCharged.ec
OK   target cdrafts-split/SharedROBounded.ec
OK   target cdrafts-split/C10SharedSearch.ec
OK   target cdrafts-split/C10SearchBounds.ec
OK   target cdrafts-split/C10SpecControls.ec
OK   target cdrafts-split/C10StatefulSearch.ec
OK   target cdrafts-split/DarkSide.ec
OK   target cdrafts-split/DarkSideC10.ec
OK   target cdrafts-split/DigestPair.ec
OK   target cdrafts-split/FORS_C.ec
OK   target cdrafts-split/FORS_C_TreePort.ec
OK   target cdrafts-split/FullFailure.ec
OK   target cdrafts-split/GprocVI.ec
OK   target cdrafts-split/SphincsC10CapstoneCharged.ec
OK   target cdrafts-split/GprocT1Opre.ec
OK   target cdrafts-split/GprocT2Trh.ec
OK   target cdrafts-split/GprocT3Trco.ec
OK   target cdrafts-split/GprocQBound.ec
OK   target cdrafts-split/GprocQWired.ec
OK   target cdrafts-split/GprocChargedQWired.ec
OK   target cdrafts-split/WotsLegCharged.ec
OK   target cdrafts-split/GprocWotsNamed.ec
OK   target cdrafts-split/GprocTCollNamed.ec
OK   target cdrafts-split/GrindHypertree.ec
OK   target cdrafts-split/GrindJointCoverage.ec
OK   target cdrafts-split/RawHistoryPreservation.ec
OK   target cdrafts-split/GrindReturned.ec
OK   target cdrafts-split/RHistoryOps.ec
OK   target cdrafts-split/RSession.ec
OK   target cdrafts-split/RSessionCost.ec
OK   target cdrafts-split/RSessionHistory.ec
OK   target cdrafts-split/RSessionBound.ec
OK   target cdrafts-split/RawWidths.ec
OK   target cdrafts-split/RawTreeWidths.ec
OK   target cdrafts-split/RawCompositeWidths.ec
OK   target cdrafts-split/SessionKeygen.ec
OK   target cdrafts-split/RawSession.ec
OK   target cdrafts-split/SessionPhysical.ec
OK   target cdrafts-split/RawSessionBound.ec
OK   target cdrafts-split/RawSessionCost.ec
OK   target cdrafts-split/RawSignerWidths.ec
OK   target cdrafts-split/SessionClosedForm.ec
OK   target cdrafts-split/SignerAccepted.ec
OK   target cdrafts-split/SignerReturned.ec
OK   target cdrafts-split/WOTS_C_Multi.ec
### CONE_COMPILED=184 EXPECTED=184
### PHASE 1d — EVERY CLOSURE FILE MUST BE REQUIRABLE (not merely compilable)
OK   all closure files are requirable
### PHASE 1e — BOTH DRIVERS (compile AND cli)
OK   base-c10-split/BinaryTrees.ec (cli, 303 cmds)
OK   base-c10-split/MerkleTrees.ec (cli, 105 cmds)
OK   base-c10-split/KeyedHashFunctions.eca (cli, 156 cmds)
OK   base-c10-split/TweakableHashFunctions.eca (cli, 84 cmds)
OK   base-c10-split/HashAddresses.eca (cli, 63 cmds)
OK   base-c10-split/RadixEncoding.ec (cli, 42 cmds)
OK   base-c10-split/WOTS_TW_ES.ec (cli, 2193 cmds)
OK   base-c10-split/FL_SL_XMSS_MT_ES.ec (cli, 679 cmds)
OK   base-c10-split/OpenPRE_From_TCR_DSPR_THF.eca (cli, 703 cmds)
OK   base-c10-split/FORS_ES.ec (cli, 2191 cmds)
OK   base-c10-split/SPHINCS_PLUS.ec (cli, 456 cmds)
OK   cdrafts-split/C10Counter.ec (cli, 57 cmds)
OK   cdrafts-split/C10Randomizer.ec (cli, 51 cmds)
OK   cdrafts-split/C10RawOracle.ec (cli, 65 cmds)
OK   cdrafts-split/C10Bytes.ec (cli, 67 cmds)
OK   cdrafts-split/Grind.ec (cli, 59 cmds)
OK   cdrafts-split/STCR_C.ec (cli, 37 cmds)
OK   cdrafts-split/WOTS_C_Real.ec (cli, 120 cmds)
OK   cdrafts-split/WOTS_C_Scheme.ec (cli, 41 cmds)
OK   cdrafts-split/WOTS_C_Reduction.ec (cli, 204 cmds)
OK   cdrafts-split/WOTS_C_Interactive.ec (cli, 744 cmds)
OK   cdrafts-split/XMSSMT_C_Scheme.ec (cli, 58 cmds)
OK   cdrafts-split/XmssmtCC_All.ec (cli, 2645 cmds)
OK   cdrafts-split/RtopCSoundness.ec (cli, 673 cmds)
OK   cdrafts-split/FxChain.ec (cli, 1219 cmds)
OK   cdrafts-split/BoundedIID.ec (cli, 47 cmds)
OK   cdrafts-split/FORS_C10.ec (cli, 81 cmds)
OK   cdrafts-split/FORS_C10_Multi.ec (cli, 69 cmds)
OK   cdrafts-split/GprocFORSC10.ec (cli, 400 cmds)
OK   cdrafts-split/SphincsC10CapstoneWired.ec (cli, 102 cmds)
OK   cdrafts-split/SphincsC10Content.ec (cli, 198 cmds)
OK   cdrafts-split/C10DeployedInstance.ec (cli, 285 cmds)
OK   cdrafts-split/C10HashDomains.ec (cli, 51 cmds)
OK   cdrafts-split/C10RawGrind.ec (cli, 43 cmds)
OK   cdrafts-split/SecretPrefix.ec (cli, 30 cmds)
OK   cdrafts-split/PrefixGuess.ec (cli, 25 cmds)
OK   cdrafts-split/PrefixHybrid.ec (cli, 78 cmds)
OK   cdrafts-split/RoleGrind.ec (cli, 20 cmds)
OK   cdrafts-split/GrindReplay.ec (cli, 19 cmds)
OK   cdrafts-split/GrindWitness.ec (cli, 23 cmds)
OK   cdrafts-split/PersistentGrind.ec (cli, 21 cmds)
OK   cdrafts-split/RTailFresh.ec (cli, 47 cmds)
OK   cdrafts-split/IdealWitness.ec (cli, 51 cmds)
OK   cdrafts-split/RawRHistory.ec (cli, 29 cmds)
OK   cdrafts-split/RawTrial.ec (cli, 27 cmds)
OK   cdrafts-split/RTailMessages.ec (cli, 33 cmds)
OK   cdrafts-split/RTailContexts.ec (cli, 41 cmds)
OK   cdrafts-split/FORSC10Digest.ec (cli, 30 cmds)
OK   cdrafts-split/GrindTail.ec (cli, 33 cmds)
OK   cdrafts-split/StreamBound.ec (cli, 54 cmds)
OK   cdrafts-split/TrialExpectation.ec (cli, 25 cmds)
OK   cdrafts-split/StreamExpectation.ec (cli, 35 cmds)
OK   cdrafts-split/GrindExhaustion.ec (cli, 24 cmds)
OK   cdrafts-split/ExhaustionCharges.ec (cli, 11 cmds)
OK   cdrafts-split/ContextExhaustion.ec (cli, 31 cmds)
OK   cdrafts-split/AcceptedContexts.ec (cli, 39 cmds)
OK   cdrafts-split/DigestPrefix.ec (cli, 27 cmds)
OK   cdrafts-split/FreshCoverage.ec (cli, 100 cmds)
OK   cdrafts-split/AcceptedSampling.ec (cli, 57 cmds)
OK   cdrafts-split/TrialAccepted.ec (cli, 25 cmds)
OK   cdrafts-split/StreamAccepted.ec (cli, 51 cmds)
OK   cdrafts-split/AcceptedCoverage.ec (cli, 29 cmds)
OK   cdrafts-split/DigestWindow.ec (cli, 24 cmds)
OK   cdrafts-split/AcceptedHypertree.ec (cli, 35 cmds)
OK   cdrafts-split/PrefixAudit.ec (cli, 60 cmds)
OK   cdrafts-split/PrefixGames.ec (cli, 31 cmds)
OK   cdrafts-split/PrefixBound.ec (cli, 16 cmds)
OK   cdrafts-split/PrefixIdeal.ec (cli, 19 cmds)
OK   cdrafts-split/AuditPrefix.ec (cli, 54 cmds)
OK   cdrafts-split/AuditComplete.ec (cli, 35 cmds)
OK   cdrafts-split/BadEncCountermodel.ec (cli, 164 cmds)
OK   cdrafts-split/TCollResEnum.ec (cli, 135 cmds)
OK   cdrafts-split/BadEncSplit.ec (cli, 52 cmds)
OK   cdrafts-split/BadEncToTColl.ec (cli, 91 cmds)
OK   cdrafts-split/BadEncStep4.ec (cli, 196 cmds)
OK   cdrafts-split/KeygenPrefixes.ec (cli, 39 cmds)
OK   cdrafts-split/RoleGrindCost.ec (cli, 24 cmds)
OK   cdrafts-split/PreparedGrind.ec (cli, 22 cmds)
OK   cdrafts-split/PreparedHistory.ec (cli, 23 cmds)
OK   cdrafts-split/PreparedExhaustion.ec (cli, 38 cmds)
OK   cdrafts-split/PreparedRaw.ec (cli, 21 cmds)
OK   cdrafts-split/RawKeygen.ec (cli, 34 cmds)
OK   cdrafts-split/RawKeygenCost.ec (cli, 41 cmds)
OK   cdrafts-split/KeygenExhaustion.ec (cli, 21 cmds)
OK   cdrafts-split/RawFors.ec (cli, 21 cmds)
OK   cdrafts-split/PhysicalKeygenCost.ec (cli, 47 cmds)
OK   cdrafts-split/RawShuffle.ec (cli, 47 cmds)
OK   cdrafts-split/RawForest.ec (cli, 27 cmds)
OK   cdrafts-split/RawWots.ec (cli, 42 cmds)
OK   cdrafts-split/RawMerkle.ec (cli, 18 cmds)
OK   cdrafts-split/RawLayer.ec (cli, 18 cmds)
OK   cdrafts-split/RawSigner.ec (cli, 28 cmds)
OK   cdrafts-split/RawSignature.ec (cli, 43 cmds)
OK   cdrafts-split/FullSession.ec (cli, 31 cmds)
OK   cdrafts-split/RawForsCost.ec (cli, 69 cmds)
OK   cdrafts-split/RawForestCost.ec (cli, 62 cmds)
OK   cdrafts-split/RawWotsCost.ec (cli, 76 cmds)
OK   cdrafts-split/RawMerkleCost.ec (cli, 40 cmds)
OK   cdrafts-split/RawLayerCost.ec (cli, 38 cmds)
OK   cdrafts-split/RawSignerCost.ec (cli, 68 cmds)
OK   cdrafts-split/FullSessionCost.ec (cli, 45 cmds)
OK   cdrafts-split/PrefixState.ec (cli, 29 cmds)
OK   cdrafts-split/FullPrefix.ec (cli, 21 cmds)
OK   cdrafts-split/RawCodec.ec (cli, 30 cmds)
OK   cdrafts-split/RawSlices.ec (cli, 23 cmds)
OK   cdrafts-split/RawDecode.ec (cli, 55 cmds)
OK   cdrafts-split/ByteSession.ec (cli, 38 cmds)
OK   cdrafts-split/ByteBound.ec (cli, 21 cmds)
OK   cdrafts-split/ByteAudit.ec (cli, 50 cmds)
OK   cdrafts-split/DigestCoordinates.ec (cli, 46 cmds)
OK   cdrafts-split/ByteReplay.ec (cli, 31 cmds)
OK   cdrafts-split/C10BoundedGrind.ec (cli, 36 cmds)
OK   cdrafts-split/C10BoundedSigning.ec (cli, 87 cmds)
OK   cdrafts-split/C10WOTSCorrect.ec (cli, 65 cmds)
OK   cdrafts-split/C10BoundedHypertree.ec (cli, 111 cmds)
OK   cdrafts-split/C10HypertreeCoverage.ec (cli, 53 cmds)
OK   cdrafts-split/C10HypertreeCorrect.ec (cli, 180 cmds)
OK   cdrafts-split/C10BoundedGame.ec (cli, 66 cmds)
OK   cdrafts-split/GFailCharged.ec (cli, 103 cmds)
OK   cdrafts-split/C10BoundedMA.ec (cli, 87 cmds)
OK   cdrafts-split/C10CubeCorrect.ec (cli, 111 cmds)
OK   cdrafts-split/C10CubeConstruction.ec (cli, 247 cmds)
OK   cdrafts-split/C10ReductionChoose.ec (cli, 65 cmds)
OK   cdrafts-split/C10ReductionForge.ec (cli, 64 cmds)
OK   cdrafts-split/C10AcceptedReduction.ec (cli, 45 cmds)
OK   cdrafts-split/VecDP.ec (cli, 5 cmds)
OK   cdrafts-split/CountDS.ec (cli, 132 cmds)
OK   cdrafts-split/C10DigitUniform.ec (cli, 71 cmds)
OK   cdrafts-split/C10SurfaceKernel.ec (cli, 23 cmds)
OK   cdrafts-split/C10Surface.ec (cli, 67 cmds)
OK   cdrafts-split/C10Encoding.ec (cli, 77 cmds)
OK   cdrafts-split/C10BoundedIID.ec (cli, 39 cmds)
OK   cdrafts-split/C10BoundedLeaf.ec (cli, 55 cmds)
OK   cdrafts-split/C10BoundedReduction.ec (cli, 12 cmds)
OK   cdrafts-split/C10DeployedCapstone.ec (cli, 64 cmds)
OK   cdrafts-split/C10DeployedGeometry.ec (cli, 121 cmds)
OK   cdrafts-split/C10DeployedScope.ec (cli, 91 cmds)
OK   cdrafts-split/C10HypertreeAccepted.ec (cli, 59 cmds)
OK   cdrafts-split/XmssmtCCCharged.ec (cli, 66 cmds)
OK   cdrafts-split/C10HypertreeCharged.ec (cli, 12 cmds)
OK   cdrafts-split/SharedROBounded.ec (cli, 52 cmds)
OK   cdrafts-split/C10SharedSearch.ec (cli, 31 cmds)
OK   cdrafts-split/C10SearchBounds.ec (cli, 53 cmds)
OK   cdrafts-split/C10SpecControls.ec (cli, 11 cmds)
OK   cdrafts-split/C10StatefulSearch.ec (cli, 19 cmds)
OK   cdrafts-split/DarkSide.ec (cli, 153 cmds)
OK   cdrafts-split/DarkSideC10.ec (cli, 14 cmds)
OK   cdrafts-split/DigestPair.ec (cli, 28 cmds)
OK   cdrafts-split/FORS_C.ec (cli, 95 cmds)
OK   cdrafts-split/FORS_C_TreePort.ec (cli, 289 cmds)
OK   cdrafts-split/FullFailure.ec (cli, 18 cmds)
OK   cdrafts-split/GprocVI.ec (cli, 190 cmds)
OK   cdrafts-split/SphincsC10CapstoneCharged.ec (cli, 48 cmds)
OK   cdrafts-split/GprocT1Opre.ec (cli, 880 cmds)
OK   cdrafts-split/GprocT2Trh.ec (cli, 1184 cmds)
OK   cdrafts-split/GprocT3Trco.ec (cli, 385 cmds)
OK   cdrafts-split/GprocQBound.ec (cli, 12 cmds)
OK   cdrafts-split/GprocQWired.ec (cli, 46 cmds)
OK   cdrafts-split/GprocChargedQWired.ec (cli, 53 cmds)
OK   cdrafts-split/WotsLegCharged.ec (cli, 145 cmds)
OK   cdrafts-split/GprocWotsNamed.ec (cli, 27 cmds)
OK   cdrafts-split/GprocTCollNamed.ec (cli, 29 cmds)
OK   cdrafts-split/GrindHypertree.ec (cli, 12 cmds)
OK   cdrafts-split/GrindJointCoverage.ec (cli, 49 cmds)
OK   cdrafts-split/RawHistoryPreservation.ec (cli, 17 cmds)
OK   cdrafts-split/GrindReturned.ec (cli, 32 cmds)
OK   cdrafts-split/RHistoryOps.ec (cli, 53 cmds)
OK   cdrafts-split/RSession.ec (cli, 28 cmds)
OK   cdrafts-split/RSessionCost.ec (cli, 19 cmds)
OK   cdrafts-split/RSessionHistory.ec (cli, 43 cmds)
OK   cdrafts-split/RSessionBound.ec (cli, 43 cmds)
OK   cdrafts-split/RawWidths.ec (cli, 54 cmds)
OK   cdrafts-split/RawTreeWidths.ec (cli, 54 cmds)
OK   cdrafts-split/RawCompositeWidths.ec (cli, 35 cmds)
OK   cdrafts-split/SessionKeygen.ec (cli, 43 cmds)
OK   cdrafts-split/RawSession.ec (cli, 30 cmds)
OK   cdrafts-split/SessionPhysical.ec (cli, 30 cmds)
OK   cdrafts-split/RawSessionBound.ec (cli, 11 cmds)
OK   cdrafts-split/RawSessionCost.ec (cli, 25 cmds)
OK   cdrafts-split/RawSignerWidths.ec (cli, 33 cmds)
OK   cdrafts-split/SessionClosedForm.ec (cli, 22 cmds)
OK   cdrafts-split/SignerAccepted.ec (cli, 41 cmds)
OK   cdrafts-split/SignerReturned.ec (cli, 41 cmds)
OK   cdrafts-split/WOTS_C_Multi.ec (cli, 172 cmds)
### CLI_FILES_RUN=184 CLI_DISAGREEMENTS=0
### PHASE 1f — WATCHED FILES (T1/T2/T3 branch proofs; NOT certified)
### WATCHED_FILES_RUN=0 WATCHED_FAILURES=0
### PHASE 1b — NAMED RESULTS EXIST AS LEMMAS (not axioms)
OK   EUFCMA_SPHINCS_PLUS_C10_GROUNDED is a lemma in cdrafts-split/SphincsC10CapstoneWired.ec
OK   EUFCMA_SPHINCS_PLUS_C10_AT_DEPLOYED_PARAMS is a lemma in cdrafts-split/C10DeployedCapstone.ec
OK   EUFCMA_SPHINCS_PLUS_C10_AT_DEPLOYED_PARAMS_PINNED_ENCODER is a lemma in cdrafts-split/C10DeployedCapstone.ec
OK   EUFCMA_SPHINCS_PLUS_C10_CONTENTFUL_AT_DEPLOYED_ENCODER is a lemma in cdrafts-split/C10DeployedCapstone.ec
OK   EUFCMA_SPHINCS_PLUS_C10_CHARGED is a lemma in cdrafts-split/SphincsC10CapstoneCharged.ec
OK   EUFCMA_SPHINCS_PLUS_C10_AT_DEPLOYED_PARAMS_QWIRED is a lemma in cdrafts-split/GprocQWired.ec
OK   EUFCMA_SPHINCS_PLUS_C10_AT_DEPLOYED_PARAMS_PINNED_ENCODER_QWIRED is a lemma in cdrafts-split/GprocQWired.ec
OK   EUFCMA_SPHINCS_PLUS_C10_CHARGED_QWIRED is a lemma in cdrafts-split/GprocChargedQWired.ec
### PHASE 1c — STATEMENT DIGESTS (names are not enough)
OK unique statement pins: 2003
### PHASE 1h — STATEMENT COVERAGE (files -> manifest; the other direction)
OK   coverage: all 1750 top-level statements across 184 CONE files are pinned (roots 87 + transitively required)
### PHASE 1g — POLICY-CAP QUARANTINE (cdrafts-split/C10DeployedScope.ec)
OK   quarantine intact: 24 declarations, 3 require lines, sealed leaf, no inbound requires, no magnitude leakage
### PHASE 2 — CONE CENSUS vs cert-baseline-split.tsv (ADDITIONS FATAL)
cone: keys now=1865 baseline=1865 | ROWS now=1945 baseline=1945 | added=0 removed=0
  ledger=248  parameters=217  bindings=371  meaning=497  definitions=612  total=1945
### PHASE 2b — CENSUS REGRESSION CANARY (admitted.)
OK   census detects 'admitted.' (canary caught)
### PHASE 2c — DIGEST DISCRIMINATION CANARY
OK   module-type digest discriminates (module-type:1ed74e3a5614 vs module-type:f9d6086d602e)
OK   admit statement digest discriminates (admit:7c56af2d53b1 vs admit:4eeb8521bd94)
OK   no live row carries a degenerate digest
OK   no live admit row degraded to 'nostmt'
### PHASE 3 — CONTROLS (polarity AND declared reason)
OK   control scratch/vac_probe_full.ec (MUST-FAIL, rejected for the DECLARED reason)
OK   control scratch/probe_len46.ec (MUST-FAIL, rejected for the DECLARED reason)
OK   control scratch/c10_spec_vacuity_canary.ec (MUST-FAIL, rejected for the DECLARED reason)
OK   control cdrafts-split/C10SpecControls.ec (MUST-PASS)
OK   control scratch/tier0_degenerate_encoder_excluded.ec (MUST-FAIL, rejected for the DECLARED reason)
OK   control scratch/encode_compat_derivable.ec (MUST-PASS)
OK   control scratch/badenc_ctlA.ec (MUST-FAIL, rejected for the DECLARED reason)
OK   control scratch/badenc_ctlB.ec (MUST-FAIL, rejected for the DECLARED reason)
OK   control scratch/badenc_ctlC.ec (MUST-FAIL, rejected for the DECLARED reason)
OK   control scratch/badenc_ctlD.ec (MUST-FAIL, rejected for the DECLARED reason)
OK   control scratch/wlc_ctlA.ec (MUST-FAIL, rejected for the DECLARED reason)
OK   control scratch/wlc_ctlB.ec (MUST-FAIL, rejected for the DECLARED reason)
OK   control scratch/wlc_ctlC.ec (MUST-FAIL, rejected for the DECLARED reason)
OK   control scratch/gwn_ctlA.ec (MUST-FAIL, rejected for the DECLARED reason)
OK   control scratch/gwn_ctlB.ec (MUST-FAIL, rejected for the DECLARED reason)
OK   control scratch/tcoll_ctlA.ec (MUST-FAIL, rejected for the DECLARED reason)
OK   control scratch/tcoll_ctlB.ec (MUST-FAIL, rejected for the DECLARED reason)
OK   control scratch/tcoll_ctlC.ec (MUST-FAIL, rejected for the DECLARED reason)
OK   control scratch/tcoll_ctlD.ec (MUST-FAIL, rejected for the DECLARED reason)
OK   control scratch/tcoll_ctlE.ec (MUST-FAIL, rejected for the DECLARED reason)
OK   control scratch/tcoll_ctlF.ec (MUST-FAIL, rejected for the DECLARED reason)
OK   control scratch/bered_ctlA.ec (MUST-FAIL, rejected for the DECLARED reason)
OK   control scratch/bered_ctlB.ec (MUST-FAIL, rejected for the DECLARED reason)
OK   control scratch/bered_ctlC.ec (MUST-FAIL, rejected for the DECLARED reason)
OK   control scratch/bered_ctlD.ec (MUST-FAIL, rejected for the DECLARED reason)
OK   control scratch/bered_ctlE.ec (MUST-FAIL, rejected for the DECLARED reason)
OK   control scratch/bered_ctlF.ec (MUST-FAIL, rejected for the DECLARED reason)
OK   control scratch/bered_ctlG.ec (MUST-FAIL, rejected for the DECLARED reason)
OK   control scratch/bered_ctlZ.ec (MUST-FAIL, rejected for the DECLARED reason)
OK   control scratch/bes4_ctlA.ec (MUST-FAIL, rejected for the DECLARED reason)
OK   control scratch/bes4_ctlB.ec (MUST-FAIL, rejected for the DECLARED reason)
OK   control scratch/bes4_ctlC.ec (MUST-FAIL, rejected for the DECLARED reason)
OK   control scratch/bes4_ctlD.ec (MUST-FAIL, rejected for the DECLARED reason)
OK   control scratch/bes4_ctlE.ec (MUST-FAIL, rejected for the DECLARED reason)
OK   control scratch/bes4_ctlF.ec (MUST-FAIL, rejected for the DECLARED reason)
OK   control scratch/bes4_ctlG.ec (MUST-FAIL, rejected for the DECLARED reason)
OK   control scratch/gtn_ctlA.ec (MUST-FAIL, rejected for the DECLARED reason)
OK   control scratch/gtn_ctlB.ec (MUST-FAIL, rejected for the DECLARED reason)
OK   control scratch/gtn_ctlC.ec (MUST-FAIL, rejected for the DECLARED reason)
OK   control scratch/_scope_neg_op_GprocTCollNamed.ec (MUST-FAIL, rejected for the DECLARED reason)
OK   control scratch/_scope_neg_lemma.ec (MUST-FAIL, rejected for the DECLARED reason)
OK   control scratch/_scope_pos_op.ec (MUST-PASS)
OK   control scratch/_scope_pos_lemma.ec (MUST-PASS)
OK   control scratch/_scope_env_n_m.ec (MUST-PASS)
OK   control scratch/_scope_neg_op_GprocChargedQWired.ec (MUST-FAIL, rejected for the DECLARED reason)
OK   control scratch/_scope_neg_op_SphincsC10CapstoneWired.ec (MUST-FAIL, rejected for the DECLARED reason)
OK   control scratch/_scope_neg_op_GprocQWired.ec (MUST-FAIL, rejected for the DECLARED reason)
OK   control scratch/_scope_neg_op_GprocQBound.ec (MUST-FAIL, rejected for the DECLARED reason)
OK   control scratch/_scope_neg_op_GprocWotsNamed.ec (MUST-FAIL, rejected for the DECLARED reason)
OK   control scratch/C10CounterWrongCardinality.ec (MUST-FAIL, rejected for the DECLARED reason)
OK   control scratch/C10BytesWrongPadding.ec (MUST-FAIL, rejected for the DECLARED reason)
OK   control scratch/C10GrindSkip.ec (MUST-FAIL, rejected for the DECLARED reason)
OK   control experiments/wots-badenc/count/controls/KctlC.ec (MUST-PASS)
OK   control experiments/wots-badenc/count/controls/KctlE.ec (MUST-PASS)
OK   control experiments/wots-badenc/count/controls/KctlD.ec (MUST-FAIL, rejected for the DECLARED reason)
OK   control experiments/wots-badenc/count/controls/CtlSum204.ec (MUST-FAIL, rejected for the DECLARED reason)
OK   control experiments/wots-badenc/count/controls/CtlLen42.ec (MUST-FAIL, rejected for the DECLARED reason)
OK   control experiments/wots-badenc/count/controls/CtlVal.ec (MUST-FAIL, rejected for the DECLARED reason)
OK   control scratch/C10EncoderPositive.ec (MUST-PASS)
OK   control scratch/C10IIDPositive.ec (MUST-PASS)
OK   control scratch/C10EncoderWrongOrder.ec (MUST-FAIL, rejected for the DECLARED reason)
OK   control scratch/C10EncoderWrongTarget.ec (MUST-FAIL, rejected for the DECLARED reason)
OK   control scratch/C10IIDErasedFailure.ec (MUST-FAIL, rejected for the DECLARED reason)
OK   control scratch/C10IIDMissingSuccessFactor.ec (MUST-FAIL, rejected for the DECLARED reason)
OK   control scratch/C10BoundedGamePositive.ec (MUST-PASS)
OK   control scratch/C10BoundedGameNoGuard.ec (MUST-FAIL, rejected for the DECLARED reason)
OK   control scratch/C10BoundedGameResetFailure.ec (MUST-FAIL, rejected for the DECLARED reason)
OK   control scratch/C10BoundedMAPositive.ec (MUST-PASS)
OK   control scratch/C10BoundedMAEraseHistory.ec (MUST-FAIL, rejected for the DECLARED reason)
OK   control scratch/C10BoundedMAAppendFailure.ec (MUST-FAIL, rejected for the DECLARED reason)
OK   control scratch/C10BoundedHypertreePositive.ec (MUST-PASS)
OK   control scratch/C10BoundedHypertreeNoGuard.ec (MUST-FAIL, rejected for the DECLARED reason)
OK   control scratch/C10BoundedHypertreePartialRelease.ec (MUST-FAIL, rejected for the DECLARED reason)
OK   control scratch/C10BoundedLeafPositive.ec (MUST-PASS)
OK   control scratch/C10BoundedLeafNoPKSeparation.ec (MUST-FAIL, rejected for the DECLARED reason)
OK   control scratch/C10HypertreeCoveragePositive.ec (MUST-PASS)
OK   control scratch/SharedROBoundedPositive.ec (MUST-PASS)
OK   control scratch/C10RandomizerPositive.ec (MUST-PASS)
OK   control scratch/C10HashDomainsPositive.ec (MUST-PASS)
OK   control scratch/C10SharedSearchPositive.ec (MUST-PASS)
OK   control scratch/C10SearchBoundsPositive.ec (MUST-PASS)
OK   control scratch/C10HypertreeChargedPositive.ec (MUST-PASS)
OK   control scratch/SharedROKnownNotFresh.ec (MUST-FAIL, rejected for the DECLARED reason)
OK   control scratch/SharedRODuplicateNotFresh.ec (MUST-FAIL, rejected for the DECLARED reason)
OK   control scratch/C10HashWrongLength.ec (MUST-FAIL, rejected for the DECLARED reason)
OK   control scratch/C10CoverageSinglePath.ec (MUST-FAIL, rejected for the DECLARED reason)
OK   control scratch/C10FORSBoundedPositive.ec (MUST-PASS)
OK   control scratch/C10FORSNoExhaustion.ec (MUST-FAIL, rejected for the DECLARED reason)
OK   control scratch/C10RandomizerWrongHalf.ec (MUST-FAIL, rejected for the DECLARED reason)
OK   control scratch/C10FORSBoundedSMT.ec (MUST-PASS)
OK   control scratch/C10HypertreeAcceptedPositive.ec (MUST-PASS)
OK   control scratch/C10HypertreeObserverPrivacy.ec (MUST-FAIL, rejected for the DECLARED reason)
OK   control scratch/C10AcceptedCubeNoHistory.ec (MUST-FAIL, rejected for the DECLARED reason)
OK   control scratch/C10RawOraclePositive.ec (MUST-PASS)
OK   control scratch/C10RawCachedAcceptance.ec (MUST-FAIL, rejected for the DECLARED reason)
OK   control scratch/C10RawReplayDraw.ec (MUST-FAIL, rejected for the DECLARED reason)
OK   control scratch/C10StatefulLostSuccess.ec (MUST-FAIL, rejected for the DECLARED reason)
OK   control scratch/_scope_neg_op_C10HypertreeAccepted.ec (MUST-FAIL, rejected for the DECLARED reason)
OK   control scratch/C10ByteSessionPositive.ec (MUST-PASS)
OK   control scratch/C10SessionAvailabilityPositive.ec (MUST-PASS)
OK   control scratch/C10ByteNoLengthGuard.ec (MUST-FAIL, rejected for the DECLARED reason)
OK   control scratch/C10ByteNoValueGuard.ec (MUST-FAIL, rejected for the DECLARED reason)
OK   control scratch/C10FullPublicIsPhysical.ec (MUST-FAIL, rejected for the DECLARED reason)
OK   control scratch/C10ByteSecretPrivacy.ec (MUST-FAIL, rejected for the DECLARED reason)
OK   control scratch/_scope_neg_op_SessionClosedForm.ec (MUST-FAIL, rejected for the DECLARED reason)
OK   control scratch/_scope_neg_op_RawSessionCost.ec (MUST-FAIL, rejected for the DECLARED reason)
OK   control scratch/_scope_neg_op_ByteBound.ec (MUST-FAIL, rejected for the DECLARED reason)
OK   control scratch/_scope_neg_op_RawSignerWidths.ec (MUST-FAIL, rejected for the DECLARED reason)
OK   control scratch/_scope_neg_op_FullPrefix.ec (MUST-FAIL, rejected for the DECLARED reason)
OK   control scratch/_scope_neg_op_RawDecode.ec (MUST-FAIL, rejected for the DECLARED reason)
OK   control scratch/C10FullFailurePositive.ec (MUST-PASS)
OK   control scratch/C10FullFailureResume.ec (MUST-FAIL, rejected for the DECLARED reason)
OK   control scratch/_scope_neg_op_FullFailure.ec (MUST-FAIL, rejected for the DECLARED reason)
OK   control scratch/C10QProbabilityPositive.ec (MUST-PASS)
OK   control scratch/C10QWithoutFreshness.ec (MUST-FAIL, rejected for the DECLARED reason)
OK   control scratch/C10QWithoutRevisits.ec (MUST-FAIL, rejected for the DECLARED reason)
OK   control scratch/C10QAdaptiveOpeningsPositive.ec (MUST-PASS)
OK   control scratch/C10QAdaptiveOpeningsFalse.ec (MUST-FAIL, rejected for the DECLARED reason)
OK   control scratch/_scope_neg_op_ByteReplay.ec (MUST-FAIL, rejected for the DECLARED reason)
OK   control scratch/_scope_neg_op_GrindJointCoverage.ec (MUST-FAIL, rejected for the DECLARED reason)
OK   control scratch/_scope_neg_op_SignerReturned.ec (MUST-FAIL, rejected for the DECLARED reason)
OK   control scratch/_scope_neg_op_GrindHypertree.ec (MUST-FAIL, rejected for the DECLARED reason)
controls executed (unique)=122 expected=122
### PHASE 4 — FORS+C GRINDING MARGIN (heuristic figures, NOT a theorem)
OK   margin guardrails 4/4 (happy path)
OK   margin negative controls 3/3 (--self-test: the model inverts; guard blocks 1-3 NOT exercised)
OK   margin figures match the committed manifest (7/7)
### PHASE 5 — TAINT CONTAINMENT (named-application drift; NOT a soundness proof)
     OK   taint containment: closure = 2 lemmas, none of the 22 headline results is in it (name-level, NOT a soundness proof -- see the tool header)
     OK   scope-probe linkage: 18 headline files <-> 18 registered scope probes (exact bijection)
OK   taint controls: pass=15 unique=15 fail=0 expected=15
OK   taint count controls: pass=4 fail=0 expected=4
OK   inputs unchanged across the run (a7a6c66a5d9630e834ef2de251877aa4)
### RESULT: GREEN
make: Leaving directory '/home/nicola/.local/state/pqsigner-research/easycrypt-closure-20260923-o4g9cwcr/candidate-quantitative/contracts/verification'
