make: Entering directory '/home/nicola/.local/state/pqsigner-research/easycrypt-closure-20260923-o4g9cwcr/candidate-adaptive-exposures/contracts/verification'
/usr/bin/python3 -E -S -B easycrypt/c10-port/tools/check_source_binding.py
OK EasyCrypt manual source binding: 394 inputs (not extraction)
cd easycrypt/c10-port && /usr/bin/python3 -E -S -B -W ignore::ResourceWarning tools/test_split_contract.py
...........
----------------------------------------------------------------------
Ran 11 tests in 3.016s

OK
OK EasyCrypt manual source binding: 394 inputs (not extraction)
cd easycrypt/c10-port && /usr/bin/python3 -E -S -B tools/split_contract.py
OK   coverage: all 2564 top-level statements across 430 CONE files are pinned (roots 173 + transitively required)
OK   quarantine intact: 24 declarations, 3 require lines, sealed leaf, no inbound requires, no magnitude leakage
OK   taint containment: closure = 2 lemmas, none of the 112 headline results is in it (name-level, NOT a soundness proof -- see the tool header)
OK   scope-probe linkage: 104 headline files <-> 104 registered scope probes (exact bijection)
OK unique statement pins: 2953
OK split static contract: 430 files; proof execution not performed
cd easycrypt/c10-port && /usr/bin/bash cert_gate_split.sh --identity-only
### INPUTS_SHA256 ea9deb7a9681913681f0bc4a1ee80df4
FAIL INPUTS_SHA256 DRIFT: committed 51b87d9274a86dbae3222f883482d61a, computed ea9deb7a9681913681f0bc4a1ee80df4
     a certified input or the certification machinery changed;
     re-baseline deliberately and update cert-identity.tsv in the same commit
make: *** [Makefile:2223: verify-easycrypt-split-pins] Error 1
make: Leaving directory '/home/nicola/.local/state/pqsigner-research/easycrypt-closure-20260923-o4g9cwcr/candidate-adaptive-exposures/contracts/verification'
