make: Entering directory '/home/nicola/.local/state/pqsigner-research/easycrypt-closure-20260923-o4g9cwcr/candidate-forest-extraction/contracts/verification'
/usr/bin/python3 -E -S -B easycrypt/c10-port/tools/check_source_binding.py
OK EasyCrypt manual source binding: 385 inputs (not extraction)
cd easycrypt/c10-port && /usr/bin/python3 -E -S -B -W ignore::ResourceWarning tools/test_split_contract.py
...........
----------------------------------------------------------------------
Ran 11 tests in 3.029s

OK
OK EasyCrypt manual source binding: 385 inputs (not extraction)
cd easycrypt/c10-port && /usr/bin/python3 -E -S -B tools/split_contract.py
OK   coverage: all 2528 top-level statements across 421 CONE files are pinned (roots 164 + transitively required)
OK   quarantine intact: 24 declarations, 3 require lines, sealed leaf, no inbound requires, no magnitude leakage
OK   taint containment: closure = 2 lemmas, none of the 103 headline results is in it (name-level, NOT a soundness proof -- see the tool header)
OK   scope-probe linkage: 95 headline files <-> 95 registered scope probes (exact bijection)
OK unique statement pins: 2911
OK split static contract: 421 files; proof execution not performed
cd easycrypt/c10-port && /usr/bin/bash cert_gate_split.sh --identity-only
### INPUTS_SHA256 51b87d9274a86dbae3222f883482d61a
FAIL INPUTS_SHA256 DRIFT: committed 7d32af4a46730ea4aa82d37d99387b52, computed 51b87d9274a86dbae3222f883482d61a
     a certified input or the certification machinery changed;
     re-baseline deliberately and update cert-identity.tsv in the same commit
make: *** [Makefile:2223: verify-easycrypt-split-pins] Error 1
make: Leaving directory '/home/nicola/.local/state/pqsigner-research/easycrypt-closure-20260923-o4g9cwcr/candidate-forest-extraction/contracts/verification'
